<?xml version="1.0" encoding="utf-8"?>
<TestRun id="2e8dfb16-8a32-44b0-ad3f-e88a5a4be610" name="soren@SOREN_NORTH 2026-06-21 21:56:06" runUser="SOREN_NORTH\soren" xmlns="http://microsoft.com/schemas/VisualStudio/TeamTest/2010">
  <Times creation="2026-06-21T21:56:06.3285803-04:00" queuing="2026-06-21T21:56:06.3285808-04:00" start="2026-06-21T21:56:04.5603427-04:00" finish="2026-06-21T21:56:06.7511578-04:00" />
  <TestSettings name="default" id="0373d1b0-5dc5-4667-bfd2-aa5a5c03bca0">
    <Deployment runDeploymentRoot="soren_SOREN_NORTH_2026-06-21_21_56_06" />
  </TestSettings>
  <Results>
    <UnitTestResult executionId="11d5eb31-0579-4dbe-85e1-aaa284e5d562" testId="f78c2a25-db5d-7927-c17c-5d0935c593c1" testName="CcDirector.HostedAgent.Tests.DriverRegistryTests.PiDriver_Interrupt_RefusesBecauseCtrlCQuitsPi" computerName="SOREN_NORTH" duration="00:00:00.0017073" startTime="2026-06-21T21:56:06.2934585-04:00" endTime="2026-06-21T21:56:06.2934585-04:00" testType="13cdc9d9-ddb5-4fa4-a97d-d965ccfc6d4b" outcome="Passed" testListId="8c84fa94-04c1-424b-9868-57a2d4851a1d" relativeResultsDirectory="11d5eb31-0579-4dbe-85e1-aaa284e5d562" />
    <UnitTestResult executionId="01f9f6a9-4a0e-413b-a5cc-73c4dc3d868b" testId="f056211c-174c-decf-acc0-7b3dd5915e51" testName="CcDirector.HostedAgent.Tests.DriverRegistryTests.PiDriver_DeclaresOnlyCancelAndClearContext" computerName="SOREN_NORTH" duration="00:00:00.0001486" startTime="2026-06-21T21:56:06.6554893-04:00" endTime="2026-06-21T21:56:06.6554896-04:00" testType="13cdc9d9-ddb5-4fa4-a97d-d965ccfc6d4b" outcome="Passed" testListId="8c84fa94-04c1-424b-9868-57a2d4851a1d" relativeResultsDirectory="01f9f6a9-4a0e-413b-a5cc-73c4dc3d868b" />
    <UnitTestResult executionId="aa4905b9-ac56-4369-ac38-9718638de8b8" testId="c3cdfbe5-29cd-686f-169a-ed217d74cb5d" testName="CcDirector.HostedAgent.Tests.DriverRegistryTests.CursorDriver_CaptureSessionId_ReturnsNull_WhenNoIdPresent(line: &quot;{\&quot;type\&quot;:\&quot;system\&quot;,\&quot;subtype\&quot;:\&quot;init\&quot;}&quot;)" computerName="SOREN_NORTH" duration="00:00:00.0001774" startTime="2026-06-21T21:56:06.2642868-04:00" endTime="2026-06-21T21:56:06.2642871-04:00" testType="13cdc9d9-ddb5-4fa4-a97d-d965ccfc6d4b" outcome="Passed" testListId="8c84fa94-04c1-424b-9868-57a2d4851a1d" relativeResultsDirectory="aa4905b9-ac56-4369-ac38-9718638de8b8" />
    <UnitTestResult executionId="586c717d-8995-4af2-b7d0-ea5bf95395d4" testId="2b5af423-dd59-0fe8-a60e-a26c2c625c17" testName="CcDirector.HostedAgent.Tests.DriverRegistryTests.CursorDriver_ParseStreamLine_ToolCallStarted_IsPending" computerName="SOREN_NORTH" duration="00:00:00.0013579" startTime="2026-06-21T21:56:06.2935235-04:00" endTime="2026-06-21T21:56:06.2935236-04:00" testType="13cdc9d9-ddb5-4fa4-a97d-d965ccfc6d4b" outcome="Passed" testListId="8c84fa94-04c1-424b-9868-57a2d4851a1d" relativeResultsDirectory="586c717d-8995-4af2-b7d0-ea5bf95395d4" />
    <UnitTestResult executionId="b32f4732-14a2-4d42-938a-fddcdbc1237a" testId="9307ecab-547d-066f-eeda-7cdcbf640009" testName="CcDirector.HostedAgent.Tests.DriverRegistryTests.ClaudeDriver_Interrupt_IsCtrlC" computerName="SOREN_NORTH" duration="00:00:00.0007240" startTime="2026-06-21T21:56:06.6585664-04:00" endTime="2026-06-21T21:56:06.6585665-04:00" testType="13cdc9d9-ddb5-4fa4-a97d-d965ccfc6d4b" outcome="Passed" testListId="8c84fa94-04c1-424b-9868-57a2d4851a1d" relativeResultsDirectory="b32f4732-14a2-4d42-938a-fddcdbc1237a" />
    <UnitTestResult executionId="bb1fa3cd-a791-482a-91f4-d3b15279c213" testId="8b4cae72-483d-9d59-6261-f813dbfd21fd" testName="CcDirector.HostedAgent.Tests.DriverRegistryTests.CursorDriver_CaptureSessionId_ReturnsNull_WhenNoIdPresent(line: &quot;{\&quot;type\&quot;:\&quot;assistant\&quot;}&quot;)" computerName="SOREN_NORTH" duration="00:00:00.0001839" startTime="2026-06-21T21:56:06.2645131-04:00" endTime="2026-06-21T21:56:06.2645133-04:00" testType="13cdc9d9-ddb5-4fa4-a97d-d965ccfc6d4b" outcome="Passed" testListId="8c84fa94-04c1-424b-9868-57a2d4851a1d" relativeResultsDirectory="bb1fa3cd-a791-482a-91f4-d3b15279c213" />
    <UnitTestResult executionId="4584bea0-1319-469b-b829-9319852dc259" testId="59181ce4-3078-ab6b-e2e1-43cf7b32bacb" testName="CcDirector.HostedAgent.Tests.DriverRegistryTests.CursorDriver_DeclaresOnlyInterrupt" computerName="SOREN_NORTH" duration="00:00:00.0005233" startTime="2026-06-21T21:56:06.2936078-04:00" endTime="2026-06-21T21:56:06.2936078-04:00" testType="13cdc9d9-ddb5-4fa4-a97d-d965ccfc6d4b" outcome="Passed" testListId="8c84fa94-04c1-424b-9868-57a2d4851a1d" relativeResultsDirectory="4584bea0-1319-469b-b829-9319852dc259" />
    <UnitTestResult executionId="b04dd0ff-8c99-40f4-9082-fa67e7cefcce" testId="2f3699e9-a3b6-f0ce-208d-c7fc1ea0160a" testName="CcDirector.HostedAgent.Tests.DriverRegistryTests.CursorDriver_ParseStreamLine_AssistantText_ProducesTextWidget" computerName="SOREN_NORTH" duration="00:00:00.0008260" startTime="2026-06-21T21:56:06.6577669-04:00" endTime="2026-06-21T21:56:06.6577671-04:00" testType="13cdc9d9-ddb5-4fa4-a97d-d965ccfc6d4b" outcome="Passed" testListId="8c84fa94-04c1-424b-9868-57a2d4851a1d" relativeResultsDirectory="b04dd0ff-8c99-40f4-9082-fa67e7cefcce" />
    <UnitTestResult executionId="3d14bd8e-92cb-46ac-836c-bc75cc809fed" testId="9acdedc9-3ef2-1ec9-d6ce-77a3ce16cf03" testName="CcDirector.HostedAgent.Tests.DriverRegistryTests.For_ReturnsSingletons" computerName="SOREN_NORTH" duration="00:00:00.0004812" startTime="2026-06-21T21:56:06.2937119-04:00" endTime="2026-06-21T21:56:06.2937120-04:00" testType="13cdc9d9-ddb5-4fa4-a97d-d965ccfc6d4b" outcome="Passed" testListId="8c84fa94-04c1-424b-9868-57a2d4851a1d" relativeResultsDirectory="3d14bd8e-92cb-46ac-836c-bc75cc809fed" />
    <UnitTestResult executionId="924b356b-f596-4713-abb0-ce09fa8eabc3" testId="78ecf0ee-68d2-85c0-db08-71f64948a7cf" testName="CcDirector.HostedAgent.Tests.DriverRegistryTests.CursorDriver_UndeclaredVerbs_ThrowNotSupported" computerName="SOREN_NORTH" duration="00:00:00.0016084" startTime="2026-06-21T21:56:06.6552798-04:00" endTime="2026-06-21T21:56:06.6552799-04:00" testType="13cdc9d9-ddb5-4fa4-a97d-d965ccfc6d4b" outcome="Passed" testListId="8c84fa94-04c1-424b-9868-57a2d4851a1d" relativeResultsDirectory="924b356b-f596-4713-abb0-ce09fa8eabc3" />
    <UnitTestResult executionId="c45bf9ea-2a5c-4e18-8394-8c8f2b9ed5e9" testId="cf45bb71-d971-bb2d-d8a2-3628896fc8ea" testName="CcDirector.HostedAgent.Tests.DriverRegistryTests.CursorDriver_Submit_IsBlind" computerName="SOREN_NORTH" duration="00:00:00.0088183" startTime="2026-06-21T21:56:06.2538614-04:00" endTime="2026-06-21T21:56:06.2538620-04:00" testType="13cdc9d9-ddb5-4fa4-a97d-d965ccfc6d4b" outcome="Passed" testListId="8c84fa94-04c1-424b-9868-57a2d4851a1d" relativeResultsDirectory="c45bf9ea-2a5c-4e18-8394-8c8f2b9ed5e9" />
    <UnitTestResult executionId="cb3ff67a-71a5-4c95-a402-2db2b8b55e16" testId="0d0d3798-8c77-c1cf-7fc7-85cca79dd1f8" testName="CcDirector.HostedAgent.Tests.DriverRegistryTests.For_ResolvesTheVerifiedDrivers" computerName="SOREN_NORTH" duration="00:00:00.0054259" startTime="2026-06-21T21:56:06.2936597-04:00" endTime="2026-06-21T21:56:06.2936597-04:00" testType="13cdc9d9-ddb5-4fa4-a97d-d965ccfc6d4b" outcome="Passed" testListId="8c84fa94-04c1-424b-9868-57a2d4851a1d" relativeResultsDirectory="cb3ff67a-71a5-4c95-a402-2db2b8b55e16" />
    <UnitTestResult executionId="86a9b843-4778-48d7-bd2f-2e574965516a" testId="388aca29-2db2-5199-256a-267b16003ec9" testName="CcDirector.HostedAgent.Tests.DriverRegistryTests.CursorDriver_ParseStreamLine_ReturnsNull_ForNonWidgetLines(line: &quot;not json&quot;)" computerName="SOREN_NORTH" duration="00:00:00.0006757" startTime="2026-06-21T21:56:06.2548355-04:00" endTime="2026-06-21T21:56:06.2548356-04:00" testType="13cdc9d9-ddb5-4fa4-a97d-d965ccfc6d4b" outcome="Passed" testListId="8c84fa94-04c1-424b-9868-57a2d4851a1d" relativeResultsDirectory="86a9b843-4778-48d7-bd2f-2e574965516a" />
    <UnitTestResult executionId="44ff159a-1b63-4835-a51d-cd016e33c495" testId="bc379e5f-f80a-e820-34a6-f90d0b9d3d98" testName="CcDirector.HostedAgent.Tests.DriverRegistryTests.GenericDriver_UndeclaredVerbs_FailLoud" computerName="SOREN_NORTH" duration="00:00:00.0083870" startTime="2026-06-21T21:56:06.2639748-04:00" endTime="2026-06-21T21:56:06.2639755-04:00" testType="13cdc9d9-ddb5-4fa4-a97d-d965ccfc6d4b" outcome="Passed" testListId="8c84fa94-04c1-424b-9868-57a2d4851a1d" relativeResultsDirectory="44ff159a-1b63-4835-a51d-cd016e33c495" />
    <UnitTestResult executionId="ecc84aa8-5f0d-448a-b7d5-8599fdf07d2a" testId="2e3211fd-f90e-df9c-072a-2f458e6c6ccb" testName="CcDirector.HostedAgent.Tests.DriverRegistryTests.CursorDriver_CaptureSessionId_ReturnsNull_WhenNoIdPresent(line: &quot;&quot;)" computerName="SOREN_NORTH" duration="00:00:00.0000020" startTime="2026-06-21T21:56:06.2929426-04:00" endTime="2026-06-21T21:56:06.2929427-04:00" testType="13cdc9d9-ddb5-4fa4-a97d-d965ccfc6d4b" outcome="Passed" testListId="8c84fa94-04c1-424b-9868-57a2d4851a1d" relativeResultsDirectory="ecc84aa8-5f0d-448a-b7d5-8599fdf07d2a" />
    <UnitTestResult executionId="32629425-640f-4768-bbac-fdb649ac439f" testId="14d44327-80df-8cbd-6056-8a71f5e8de90" testName="CcDirector.HostedAgent.Tests.DriverRegistryTests.GenericDriver_ReproducesPreDriverBytes" computerName="SOREN_NORTH" duration="00:00:00.0023113" startTime="2026-06-21T21:56:06.2932388-04:00" endTime="2026-06-21T21:56:06.2932388-04:00" testType="13cdc9d9-ddb5-4fa4-a97d-d965ccfc6d4b" outcome="Passed" testListId="8c84fa94-04c1-424b-9868-57a2d4851a1d" relativeResultsDirectory="32629425-640f-4768-bbac-fdb649ac439f" />
    <UnitTestResult executionId="281b6ed9-53e4-4547-bb25-a219b415f420" testId="69fbb5ca-9835-9b2b-8726-2f097d824ceb" testName="CcDirector.HostedAgent.Tests.DriverRegistryTests.CursorDriver_CaptureSessionId_ReturnsNull_WhenNoIdPresent(line: &quot;not json at all&quot;)" computerName="SOREN_NORTH" duration="00:00:00.0000070" startTime="2026-06-21T21:56:06.2645620-04:00" endTime="2026-06-21T21:56:06.2645621-04:00" testType="13cdc9d9-ddb5-4fa4-a97d-d965ccfc6d4b" outcome="Passed" testListId="8c84fa94-04c1-424b-9868-57a2d4851a1d" relativeResultsDirectory="281b6ed9-53e4-4547-bb25-a219b415f420" />
    <UnitTestResult executionId="7915b0a1-8c6d-4201-84a8-7ba86b367721" testId="0393d6ea-801b-05cb-4cf9-3dc9957843aa" testName="CcDirector.HostedAgent.Tests.DriverRegistryTests.CursorDriver_ParseStreamLine_Result_ProducesTextWidget" computerName="SOREN_NORTH" duration="00:00:00.0004691" startTime="2026-06-21T21:56:06.6590981-04:00" endTime="2026-06-21T21:56:06.6590983-04:00" testType="13cdc9d9-ddb5-4fa4-a97d-d965ccfc6d4b" outcome="Passed" testListId="8c84fa94-04c1-424b-9868-57a2d4851a1d" relativeResultsDirectory="7915b0a1-8c6d-4201-84a8-7ba86b367721" />
    <UnitTestResult executionId="f6122b07-e63e-449b-ae1e-42817411359e" testId="0b6f7143-9f8f-98a2-cd7e-e0f1703997b9" testName="CcDirector.HostedAgent.Tests.DriverRegistryTests.CursorDriver_ParseStreamLine_ReturnsNull_ForNonWidgetLines(line: &quot;{\&quot;type\&quot;:\&quot;system\&quot;,\&quot;subtype\&quot;:\&quot;init\&quot;,\&quot;sessio&quot;···)" computerName="SOREN_NORTH" duration="00:00:00.0006277" startTime="2026-06-21T21:56:06.2553624-04:00" endTime="2026-06-21T21:56:06.2553626-04:00" testType="13cdc9d9-ddb5-4fa4-a97d-d965ccfc6d4b" outcome="Passed" testListId="8c84fa94-04c1-424b-9868-57a2d4851a1d" relativeResultsDirectory="f6122b07-e63e-449b-ae1e-42817411359e" />
    <UnitTestResult executionId="ed481ba0-97fe-4d66-8ccb-2b886a5be587" testId="7290d585-d5b5-74ee-2bd7-180d874986bf" testName="CcDirector.HostedAgent.Tests.DriverRegistryTests.CursorDriver_Interrupt_IsCtrlC" computerName="SOREN_NORTH" duration="00:00:00.0015110" startTime="2026-06-21T21:56:06.6540637-04:00" endTime="2026-06-21T21:56:06.6540638-04:00" testType="13cdc9d9-ddb5-4fa4-a97d-d965ccfc6d4b" outcome="Passed" testListId="8c84fa94-04c1-424b-9868-57a2d4851a1d" relativeResultsDirectory="ed481ba0-97fe-4d66-8ccb-2b886a5be587" />
    <UnitTestResult executionId="91bf3ab3-01ed-45cb-ab85-b0feb6cf12cd" testId="bb54af61-a30c-f3e2-5e6e-7fa995fa4ffc" testName="CcDirector.HostedAgent.Tests.DriverRegistryTests.PiDriver_ClearContext_SubmitsSlashNew" computerName="SOREN_NORTH" duration="00:00:00.0007693" startTime="2026-06-21T21:56:06.2933870-04:00" endTime="2026-06-21T21:56:06.2933871-04:00" testType="13cdc9d9-ddb5-4fa4-a97d-d965ccfc6d4b" outcome="Passed" testListId="8c84fa94-04c1-424b-9868-57a2d4851a1d" relativeResultsDirectory="91bf3ab3-01ed-45cb-ab85-b0feb6cf12cd" />
    <UnitTestResult executionId="3de758af-15a6-4798-b051-437f66644306" testId="a617c877-933b-e91d-a548-ec7ca4c78332" testName="CcDirector.HostedAgent.Tests.DriverRegistryTests.CursorDriver_ParseStreamLine_ReturnsNull_ForNonWidgetLines(line: &quot;&quot;)" computerName="SOREN_NORTH" duration="00:00:00.0000137" startTime="2026-06-21T21:56:06.2554224-04:00" endTime="2026-06-21T21:56:06.2554225-04:00" testType="13cdc9d9-ddb5-4fa4-a97d-d965ccfc6d4b" outcome="Passed" testListId="8c84fa94-04c1-424b-9868-57a2d4851a1d" relativeResultsDirectory="3de758af-15a6-4798-b051-437f66644306" />
    <UnitTestResult executionId="479025da-35f3-4a66-bc79-bb781eed612b" testId="35b82226-008c-15e7-97d6-1720da03e909" testName="CcDirector.HostedAgent.Tests.DriverRegistryTests.CursorDriver_CaptureSessionId_FromSystemInitEvent" computerName="SOREN_NORTH" duration="00:00:00.0177276" startTime="2026-06-21T21:56:06.2456099-04:00" endTime="2026-06-21T21:56:06.2456442-04:00" testType="13cdc9d9-ddb5-4fa4-a97d-d965ccfc6d4b" outcome="Passed" testListId="8c84fa94-04c1-424b-9868-57a2d4851a1d" relativeResultsDirectory="479025da-35f3-4a66-bc79-bb781eed612b" />
    <UnitTestResult executionId="caeeaf46-b011-4fd2-a966-dd7352e1e781" testId="220c2169-e925-9b42-a6d0-438807a2ae86" testName="CcDirector.HostedAgent.Tests.DriverRegistryTests.CursorDriver_CaptureSessionId_FromBareInitType" computerName="SOREN_NORTH" duration="00:00:00.0001966" startTime="2026-06-21T21:56:06.6560146-04:00" endTime="2026-06-21T21:56:06.6560147-04:00" testType="13cdc9d9-ddb5-4fa4-a97d-d965ccfc6d4b" outcome="Passed" testListId="8c84fa94-04c1-424b-9868-57a2d4851a1d" relativeResultsDirectory="caeeaf46-b011-4fd2-a966-dd7352e1e781" />
    <UnitTestResult executionId="ef53da8e-78ef-49b8-ad85-9f9eb35ee872" testId="39b75b21-1483-0199-53aa-3f999edcffa7" testName="CcDirector.HostedAgent.Tests.DriverRegistryTests.PiDriver_Cancel_IsEsc" computerName="SOREN_NORTH" duration="00:00:00.0007785" startTime="2026-06-21T21:56:06.6568826-04:00" endTime="2026-06-21T21:56:06.6568829-04:00" testType="13cdc9d9-ddb5-4fa4-a97d-d965ccfc6d4b" outcome="Passed" testListId="8c84fa94-04c1-424b-9868-57a2d4851a1d" relativeResultsDirectory="ef53da8e-78ef-49b8-ad85-9f9eb35ee872" />
    <UnitTestResult executionId="144bcc27-fe81-4e8d-9baf-2246c657dce9" testId="32cc47fb-ce36-a6c7-661f-4cf398f84795" testName="CcDirector.HostedAgent.Tests.DriverRegistryTests.ClaudeDriver_History_IsDoubleEsc" computerName="SOREN_NORTH" duration="00:00:00.3680518" startTime="2026-06-21T21:56:06.6502890-04:00" endTime="2026-06-21T21:56:06.6502895-04:00" testType="13cdc9d9-ddb5-4fa4-a97d-d965ccfc6d4b" outcome="Passed" testListId="8c84fa94-04c1-424b-9868-57a2d4851a1d" relativeResultsDirectory="144bcc27-fe81-4e8d-9baf-2246c657dce9" />
    <UnitTestResult executionId="f1e7d829-2132-403d-9c8c-f93ecce17f69" testId="3854fa38-3dd4-20d8-b86d-950d556978d3" testName="CcDirector.HostedAgent.Tests.DriverRegistryTests.ClaudeDriver_DeclaresInterruptAndHistory" computerName="SOREN_NORTH" duration="00:00:00.0001990" startTime="2026-06-21T21:56:06.6557681-04:00" endTime="2026-06-21T21:56:06.6557683-04:00" testType="13cdc9d9-ddb5-4fa4-a97d-d965ccfc6d4b" outcome="Passed" testListId="8c84fa94-04c1-424b-9868-57a2d4851a1d" relativeResultsDirectory="f1e7d829-2132-403d-9c8c-f93ecce17f69" />
  </Results>
  <TestDefinitions>
    <UnitTest name="CcDirector.HostedAgent.Tests.DriverRegistryTests.CursorDriver_ParseStreamLine_ReturnsNull_ForNonWidgetLines(line: &quot;&quot;)" storage="d:\reposfred\devthrottle-wt-625\src\ccdirector.hostedagent.tests\bin\debug\net10.0\ccdirector.hostedagent.tests.dll" id="a617c877-933b-e91d-a548-ec7ca4c78332">
      <Execution id="3de758af-15a6-4798-b051-437f66644306" />
      <TestMethod codeBase="D:\ReposFred\devthrottle-wt-625\src\CcDirector.HostedAgent.Tests\bin\Debug\net10.0\CcDirector.HostedAgent.Tests.dll" adapterTypeName="executor://xunit/VsTestRunner2/netcoreapp" className="CcDirector.HostedAgent.Tests.DriverRegistryTests" name="CursorDriver_ParseStreamLine_ReturnsNull_ForNonWidgetLines" />
    </UnitTest>
    <UnitTest name="CcDirector.HostedAgent.Tests.DriverRegistryTests.PiDriver_Cancel_IsEsc" storage="d:\reposfred\devthrottle-wt-625\src\ccdirector.hostedagent.tests\bin\debug\net10.0\ccdirector.hostedagent.tests.dll" id="39b75b21-1483-0199-53aa-3f999edcffa7">
      <Execution id="ef53da8e-78ef-49b8-ad85-9f9eb35ee872" />
      <TestMethod codeBase="D:\ReposFred\devthrottle-wt-625\src\CcDirector.HostedAgent.Tests\bin\Debug\net10.0\CcDirector.HostedAgent.Tests.dll" adapterTypeName="executor://xunit/VsTestRunner2/netcoreapp" className="CcDirector.HostedAgent.Tests.DriverRegistryTests" name="PiDriver_Cancel_IsEsc" />
    </UnitTest>
    <UnitTest name="CcDirector.HostedAgent.Tests.DriverRegistryTests.CursorDriver_ParseStreamLine_Result_ProducesTextWidget" storage="d:\reposfred\devthrottle-wt-625\src\ccdirector.hostedagent.tests\bin\debug\net10.0\ccdirector.hostedagent.tests.dll" id="0393d6ea-801b-05cb-4cf9-3dc9957843aa">
      <Execution id="7915b0a1-8c6d-4201-84a8-7ba86b367721" />
      <TestMethod codeBase="D:\ReposFred\devthrottle-wt-625\src\CcDirector.HostedAgent.Tests\bin\Debug\net10.0\CcDirector.HostedAgent.Tests.dll" adapterTypeName="executor://xunit/VsTestRunner2/netcoreapp" className="CcDirector.HostedAgent.Tests.DriverRegistryTests" name="CursorDriver_ParseStreamLine_Result_ProducesTextWidget" />
    </UnitTest>
    <UnitTest name="CcDirector.HostedAgent.Tests.DriverRegistryTests.CursorDriver_ParseStreamLine_ReturnsNull_ForNonWidgetLines(line: &quot;{\&quot;type\&quot;:\&quot;system\&quot;,\&quot;subtype\&quot;:\&quot;init\&quot;,\&quot;sessio&quot;···)" storage="d:\reposfred\devthrottle-wt-625\src\ccdirector.hostedagent.tests\bin\debug\net10.0\ccdirector.hostedagent.tests.dll" id="0b6f7143-9f8f-98a2-cd7e-e0f1703997b9">
      <Execution id="f6122b07-e63e-449b-ae1e-42817411359e" />
      <TestMethod codeBase="D:\ReposFred\devthrottle-wt-625\src\CcDirector.HostedAgent.Tests\bin\Debug\net10.0\CcDirector.HostedAgent.Tests.dll" adapterTypeName="executor://xunit/VsTestRunner2/netcoreapp" className="CcDirector.HostedAgent.Tests.DriverRegistryTests" name="CursorDriver_ParseStreamLine_ReturnsNull_ForNonWidgetLines" />
    </UnitTest>
    <UnitTest name="CcDirector.HostedAgent.Tests.DriverRegistryTests.PiDriver_Interrupt_RefusesBecauseCtrlCQuitsPi" storage="d:\reposfred\devthrottle-wt-625\src\ccdirector.hostedagent.tests\bin\debug\net10.0\ccdirector.hostedagent.tests.dll" id="f78c2a25-db5d-7927-c17c-5d0935c593c1">
      <Execution id="11d5eb31-0579-4dbe-85e1-aaa284e5d562" />
      <TestMethod codeBase="D:\ReposFred\devthrottle-wt-625\src\CcDirector.HostedAgent.Tests\bin\Debug\net10.0\CcDirector.HostedAgent.Tests.dll" adapterTypeName="executor://xunit/VsTestRunner2/netcoreapp" className="CcDirector.HostedAgent.Tests.DriverRegistryTests" name="PiDriver_Interrupt_RefusesBecauseCtrlCQuitsPi" />
    </UnitTest>
    <UnitTest name="CcDirector.HostedAgent.Tests.DriverRegistryTests.GenericDriver_ReproducesPreDriverBytes" storage="d:\reposfred\devthrottle-wt-625\src\ccdirector.hostedagent.tests\bin\debug\net10.0\ccdirector.hostedagent.tests.dll" id="14d44327-80df-8cbd-6056-8a71f5e8de90">
      <Execution id="32629425-640f-4768-bbac-fdb649ac439f" />
      <TestMethod codeBase="D:\ReposFred\devthrottle-wt-625\src\CcDirector.HostedAgent.Tests\bin\Debug\net10.0\CcDirector.HostedAgent.Tests.dll" adapterTypeName="executor://xunit/VsTestRunner2/netcoreapp" className="CcDirector.HostedAgent.Tests.DriverRegistryTests" name="GenericDriver_ReproducesPreDriverBytes" />
    </UnitTest>
    <UnitTest name="CcDirector.HostedAgent.Tests.DriverRegistryTests.CursorDriver_CaptureSessionId_ReturnsNull_WhenNoIdPresent(line: &quot;{\&quot;type\&quot;:\&quot;assistant\&quot;}&quot;)" storage="d:\reposfred\devthrottle-wt-625\src\ccdirector.hostedagent.tests\bin\debug\net10.0\ccdirector.hostedagent.tests.dll" id="8b4cae72-483d-9d59-6261-f813dbfd21fd">
      <Execution id="bb1fa3cd-a791-482a-91f4-d3b15279c213" />
      <TestMethod codeBase="D:\ReposFred\devthrottle-wt-625\src\CcDirector.HostedAgent.Tests\bin\Debug\net10.0\CcDirector.HostedAgent.Tests.dll" adapterTypeName="executor://xunit/VsTestRunner2/netcoreapp" className="CcDirector.HostedAgent.Tests.DriverRegistryTests" name="CursorDriver_CaptureSessionId_ReturnsNull_WhenNoIdPresent" />
    </UnitTest>
    <UnitTest name="CcDirector.HostedAgent.Tests.DriverRegistryTests.CursorDriver_CaptureSessionId_ReturnsNull_WhenNoIdPresent(line: &quot;not json at all&quot;)" storage="d:\reposfred\devthrottle-wt-625\src\ccdirector.hostedagent.tests\bin\debug\net10.0\ccdirector.hostedagent.tests.dll" id="69fbb5ca-9835-9b2b-8726-2f097d824ceb">
      <Execution id="281b6ed9-53e4-4547-bb25-a219b415f420" />
      <TestMethod codeBase="D:\ReposFred\devthrottle-wt-625\src\CcDirector.HostedAgent.Tests\bin\Debug\net10.0\CcDirector.HostedAgent.Tests.dll" adapterTypeName="executor://xunit/VsTestRunner2/netcoreapp" className="CcDirector.HostedAgent.Tests.DriverRegistryTests" name="CursorDriver_CaptureSessionId_ReturnsNull_WhenNoIdPresent" />
    </UnitTest>
    <UnitTest name="CcDirector.HostedAgent.Tests.DriverRegistryTests.CursorDriver_DeclaresOnlyInterrupt" storage="d:\reposfred\devthrottle-wt-625\src\ccdirector.hostedagent.tests\bin\debug\net10.0\ccdirector.hostedagent.tests.dll" id="59181ce4-3078-ab6b-e2e1-43cf7b32bacb">
      <Execution id="4584bea0-1319-469b-b829-9319852dc259" />
      <TestMethod codeBase="D:\ReposFred\devthrottle-wt-625\src\CcDirector.HostedAgent.Tests\bin\Debug\net10.0\CcDirector.HostedAgent.Tests.dll" adapterTypeName="executor://xunit/VsTestRunner2/netcoreapp" className="CcDirector.HostedAgent.Tests.DriverRegistryTests" name="CursorDriver_DeclaresOnlyInterrupt" />
    </UnitTest>
    <UnitTest name="CcDirector.HostedAgent.Tests.DriverRegistryTests.GenericDriver_UndeclaredVerbs_FailLoud" storage="d:\reposfred\devthrottle-wt-625\src\ccdirector.hostedagent.tests\bin\debug\net10.0\ccdirector.hostedagent.tests.dll" id="bc379e5f-f80a-e820-34a6-f90d0b9d3d98">
      <Execution id="44ff159a-1b63-4835-a51d-cd016e33c495" />
      <TestMethod codeBase="D:\ReposFred\devthrottle-wt-625\src\CcDirector.HostedAgent.Tests\bin\Debug\net10.0\CcDirector.HostedAgent.Tests.dll" adapterTypeName="executor://xunit/VsTestRunner2/netcoreapp" className="CcDirector.HostedAgent.Tests.DriverRegistryTests" name="GenericDriver_UndeclaredVerbs_FailLoud" />
    </UnitTest>
    <UnitTest name="CcDirector.HostedAgent.Tests.DriverRegistryTests.For_ReturnsSingletons" storage="d:\reposfred\devthrottle-wt-625\src\ccdirector.hostedagent.tests\bin\debug\net10.0\ccdirector.hostedagent.tests.dll" id="9acdedc9-3ef2-1ec9-d6ce-77a3ce16cf03">
      <Execution id="3d14bd8e-92cb-46ac-836c-bc75cc809fed" />
      <TestMethod codeBase="D:\ReposFred\devthrottle-wt-625\src\CcDirector.HostedAgent.Tests\bin\Debug\net10.0\CcDirector.HostedAgent.Tests.dll" adapterTypeName="executor://xunit/VsTestRunner2/netcoreapp" className="CcDirector.HostedAgent.Tests.DriverRegistryTests" name="For_ReturnsSingletons" />
    </UnitTest>
    <UnitTest name="CcDirector.HostedAgent.Tests.DriverRegistryTests.CursorDriver_ParseStreamLine_ReturnsNull_ForNonWidgetLines(line: &quot;not json&quot;)" storage="d:\reposfred\devthrottle-wt-625\src\ccdirector.hostedagent.tests\bin\debug\net10.0\ccdirector.hostedagent.tests.dll" id="388aca29-2db2-5199-256a-267b16003ec9">
      <Execution id="86a9b843-4778-48d7-bd2f-2e574965516a" />
      <TestMethod codeBase="D:\ReposFred\devthrottle-wt-625\src\CcDirector.HostedAgent.Tests\bin\Debug\net10.0\CcDirector.HostedAgent.Tests.dll" adapterTypeName="executor://xunit/VsTestRunner2/netcoreapp" className="CcDirector.HostedAgent.Tests.DriverRegistryTests" name="CursorDriver_ParseStreamLine_ReturnsNull_ForNonWidgetLines" />
    </UnitTest>
    <UnitTest name="CcDirector.HostedAgent.Tests.DriverRegistryTests.PiDriver_DeclaresOnlyCancelAndClearContext" storage="d:\reposfred\devthrottle-wt-625\src\ccdirector.hostedagent.tests\bin\debug\net10.0\ccdirector.hostedagent.tests.dll" id="f056211c-174c-decf-acc0-7b3dd5915e51">
      <Execution id="01f9f6a9-4a0e-413b-a5cc-73c4dc3d868b" />
      <TestMethod codeBase="D:\ReposFred\devthrottle-wt-625\src\CcDirector.HostedAgent.Tests\bin\Debug\net10.0\CcDirector.HostedAgent.Tests.dll" adapterTypeName="executor://xunit/VsTestRunner2/netcoreapp" className="CcDirector.HostedAgent.Tests.DriverRegistryTests" name="PiDriver_DeclaresOnlyCancelAndClearContext" />
    </UnitTest>
    <UnitTest name="CcDirector.HostedAgent.Tests.DriverRegistryTests.CursorDriver_CaptureSessionId_FromSystemInitEvent" storage="d:\reposfred\devthrottle-wt-625\src\ccdirector.hostedagent.tests\bin\debug\net10.0\ccdirector.hostedagent.tests.dll" id="35b82226-008c-15e7-97d6-1720da03e909">
      <Execution id="479025da-35f3-4a66-bc79-bb781eed612b" />
      <TestMethod codeBase="D:\ReposFred\devthrottle-wt-625\src\CcDirector.HostedAgent.Tests\bin\Debug\net10.0\CcDirector.HostedAgent.Tests.dll" adapterTypeName="executor://xunit/VsTestRunner2/netcoreapp" className="CcDirector.HostedAgent.Tests.DriverRegistryTests" name="CursorDriver_CaptureSessionId_FromSystemInitEvent" />
    </UnitTest>
    <UnitTest name="CcDirector.HostedAgent.Tests.DriverRegistryTests.CursorDriver_Submit_IsBlind" storage="d:\reposfred\devthrottle-wt-625\src\ccdirector.hostedagent.tests\bin\debug\net10.0\ccdirector.hostedagent.tests.dll" id="cf45bb71-d971-bb2d-d8a2-3628896fc8ea">
      <Execution id="c45bf9ea-2a5c-4e18-8394-8c8f2b9ed5e9" />
      <TestMethod codeBase="D:\ReposFred\devthrottle-wt-625\src\CcDirector.HostedAgent.Tests\bin\Debug\net10.0\CcDirector.HostedAgent.Tests.dll" adapterTypeName="executor://xunit/VsTestRunner2/netcoreapp" className="CcDirector.HostedAgent.Tests.DriverRegistryTests" name="CursorDriver_Submit_IsBlind" />
    </UnitTest>
    <UnitTest name="CcDirector.HostedAgent.Tests.DriverRegistryTests.CursorDriver_CaptureSessionId_ReturnsNull_WhenNoIdPresent(line: &quot;{\&quot;type\&quot;:\&quot;system\&quot;,\&quot;subtype\&quot;:\&quot;init\&quot;}&quot;)" storage="d:\reposfred\devthrottle-wt-625\src\ccdirector.hostedagent.tests\bin\debug\net10.0\ccdirector.hostedagent.tests.dll" id="c3cdfbe5-29cd-686f-169a-ed217d74cb5d">
      <Execution id="aa4905b9-ac56-4369-ac38-9718638de8b8" />
      <TestMethod codeBase="D:\ReposFred\devthrottle-wt-625\src\CcDirector.HostedAgent.Tests\bin\Debug\net10.0\CcDirector.HostedAgent.Tests.dll" adapterTypeName="executor://xunit/VsTestRunner2/netcoreapp" className="CcDirector.HostedAgent.Tests.DriverRegistryTests" name="CursorDriver_CaptureSessionId_ReturnsNull_WhenNoIdPresent" />
    </UnitTest>
    <UnitTest name="CcDirector.HostedAgent.Tests.DriverRegistryTests.CursorDriver_CaptureSessionId_FromBareInitType" storage="d:\reposfred\devthrottle-wt-625\src\ccdirector.hostedagent.tests\bin\debug\net10.0\ccdirector.hostedagent.tests.dll" id="220c2169-e925-9b42-a6d0-438807a2ae86">
      <Execution id="caeeaf46-b011-4fd2-a966-dd7352e1e781" />
      <TestMethod codeBase="D:\ReposFred\devthrottle-wt-625\src\CcDirector.HostedAgent.Tests\bin\Debug\net10.0\CcDirector.HostedAgent.Tests.dll" adapterTypeName="executor://xunit/VsTestRunner2/netcoreapp" className="CcDirector.HostedAgent.Tests.DriverRegistryTests" name="CursorDriver_CaptureSessionId_FromBareInitType" />
    </UnitTest>
    <UnitTest name="CcDirector.HostedAgent.Tests.DriverRegistryTests.PiDriver_ClearContext_SubmitsSlashNew" storage="d:\reposfred\devthrottle-wt-625\src\ccdirector.hostedagent.tests\bin\debug\net10.0\ccdirector.hostedagent.tests.dll" id="bb54af61-a30c-f3e2-5e6e-7fa995fa4ffc">
      <Execution id="91bf3ab3-01ed-45cb-ab85-b0feb6cf12cd" />
      <TestMethod codeBase="D:\ReposFred\devthrottle-wt-625\src\CcDirector.HostedAgent.Tests\bin\Debug\net10.0\CcDirector.HostedAgent.Tests.dll" adapterTypeName="executor://xunit/VsTestRunner2/netcoreapp" className="CcDirector.HostedAgent.Tests.DriverRegistryTests" name="PiDriver_ClearContext_SubmitsSlashNew" />
    </UnitTest>
    <UnitTest name="CcDirector.HostedAgent.Tests.DriverRegistryTests.ClaudeDriver_DeclaresInterruptAndHistory" storage="d:\reposfred\devthrottle-wt-625\src\ccdirector.hostedagent.tests\bin\debug\net10.0\ccdirector.hostedagent.tests.dll" id="3854fa38-3dd4-20d8-b86d-950d556978d3">
      <Execution id="f1e7d829-2132-403d-9c8c-f93ecce17f69" />
      <TestMethod codeBase="D:\ReposFred\devthrottle-wt-625\src\CcDirector.HostedAgent.Tests\bin\Debug\net10.0\CcDirector.HostedAgent.Tests.dll" adapterTypeName="executor://xunit/VsTestRunner2/netcoreapp" className="CcDirector.HostedAgent.Tests.DriverRegistryTests" name="ClaudeDriver_DeclaresInterruptAndHistory" />
    </UnitTest>
    <UnitTest name="CcDirector.HostedAgent.Tests.DriverRegistryTests.CursorDriver_ParseStreamLine_ToolCallStarted_IsPending" storage="d:\reposfred\devthrottle-wt-625\src\ccdirector.hostedagent.tests\bin\debug\net10.0\ccdirector.hostedagent.tests.dll" id="2b5af423-dd59-0fe8-a60e-a26c2c625c17">
      <Execution id="586c717d-8995-4af2-b7d0-ea5bf95395d4" />
      <TestMethod codeBase="D:\ReposFred\devthrottle-wt-625\src\CcDirector.HostedAgent.Tests\bin\Debug\net10.0\CcDirector.HostedAgent.Tests.dll" adapterTypeName="executor://xunit/VsTestRunner2/netcoreapp" className="CcDirector.HostedAgent.Tests.DriverRegistryTests" name="CursorDriver_ParseStreamLine_ToolCallStarted_IsPending" />
    </UnitTest>
    <UnitTest name="CcDirector.HostedAgent.Tests.DriverRegistryTests.CursorDriver_CaptureSessionId_ReturnsNull_WhenNoIdPresent(line: &quot;&quot;)" storage="d:\reposfred\devthrottle-wt-625\src\ccdirector.hostedagent.tests\bin\debug\net10.0\ccdirector.hostedagent.tests.dll" id="2e3211fd-f90e-df9c-072a-2f458e6c6ccb">
      <Execution id="ecc84aa8-5f0d-448a-b7d5-8599fdf07d2a" />
      <TestMethod codeBase="D:\ReposFred\devthrottle-wt-625\src\CcDirector.HostedAgent.Tests\bin\Debug\net10.0\CcDirector.HostedAgent.Tests.dll" adapterTypeName="executor://xunit/VsTestRunner2/netcoreapp" className="CcDirector.HostedAgent.Tests.DriverRegistryTests" name="CursorDriver_CaptureSessionId_ReturnsNull_WhenNoIdPresent" />
    </UnitTest>
    <UnitTest name="CcDirector.HostedAgent.Tests.DriverRegistryTests.CursorDriver_ParseStreamLine_AssistantText_ProducesTextWidget" storage="d:\reposfred\devthrottle-wt-625\src\ccdirector.hostedagent.tests\bin\debug\net10.0\ccdirector.hostedagent.tests.dll" id="2f3699e9-a3b6-f0ce-208d-c7fc1ea0160a">
      <Execution id="b04dd0ff-8c99-40f4-9082-fa67e7cefcce" />
      <TestMethod codeBase="D:\ReposFred\devthrottle-wt-625\src\CcDirector.HostedAgent.Tests\bin\Debug\net10.0\CcDirector.HostedAgent.Tests.dll" adapterTypeName="executor://xunit/VsTestRunner2/netcoreapp" className="CcDirector.HostedAgent.Tests.DriverRegistryTests" name="CursorDriver_ParseStreamLine_AssistantText_ProducesTextWidget" />
    </UnitTest>
    <UnitTest name="CcDirector.HostedAgent.Tests.DriverRegistryTests.ClaudeDriver_Interrupt_IsCtrlC" storage="d:\reposfred\devthrottle-wt-625\src\ccdirector.hostedagent.tests\bin\debug\net10.0\ccdirector.hostedagent.tests.dll" id="9307ecab-547d-066f-eeda-7cdcbf640009">
      <Execution id="b32f4732-14a2-4d42-938a-fddcdbc1237a" />
      <TestMethod codeBase="D:\ReposFred\devthrottle-wt-625\src\CcDirector.HostedAgent.Tests\bin\Debug\net10.0\CcDirector.HostedAgent.Tests.dll" adapterTypeName="executor://xunit/VsTestRunner2/netcoreapp" className="CcDirector.HostedAgent.Tests.DriverRegistryTests" name="ClaudeDriver_Interrupt_IsCtrlC" />
    </UnitTest>
    <UnitTest name="CcDirector.HostedAgent.Tests.DriverRegistryTests.ClaudeDriver_History_IsDoubleEsc" storage="d:\reposfred\devthrottle-wt-625\src\ccdirector.hostedagent.tests\bin\debug\net10.0\ccdirector.hostedagent.tests.dll" id="32cc47fb-ce36-a6c7-661f-4cf398f84795">
      <Execution id="144bcc27-fe81-4e8d-9baf-2246c657dce9" />
      <TestMethod codeBase="D:\ReposFred\devthrottle-wt-625\src\CcDirector.HostedAgent.Tests\bin\Debug\net10.0\CcDirector.HostedAgent.Tests.dll" adapterTypeName="executor://xunit/VsTestRunner2/netcoreapp" className="CcDirector.HostedAgent.Tests.DriverRegistryTests" name="ClaudeDriver_History_IsDoubleEsc" />
    </UnitTest>
    <UnitTest name="CcDirector.HostedAgent.Tests.DriverRegistryTests.CursorDriver_Interrupt_IsCtrlC" storage="d:\reposfred\devthrottle-wt-625\src\ccdirector.hostedagent.tests\bin\debug\net10.0\ccdirector.hostedagent.tests.dll" id="7290d585-d5b5-74ee-2bd7-180d874986bf">
      <Execution id="ed481ba0-97fe-4d66-8ccb-2b886a5be587" />
      <TestMethod codeBase="D:\ReposFred\devthrottle-wt-625\src\CcDirector.HostedAgent.Tests\bin\Debug\net10.0\CcDirector.HostedAgent.Tests.dll" adapterTypeName="executor://xunit/VsTestRunner2/netcoreapp" className="CcDirector.HostedAgent.Tests.DriverRegistryTests" name="CursorDriver_Interrupt_IsCtrlC" />
    </UnitTest>
    <UnitTest name="CcDirector.HostedAgent.Tests.DriverRegistryTests.For_ResolvesTheVerifiedDrivers" storage="d:\reposfred\devthrottle-wt-625\src\ccdirector.hostedagent.tests\bin\debug\net10.0\ccdirector.hostedagent.tests.dll" id="0d0d3798-8c77-c1cf-7fc7-85cca79dd1f8">
      <Execution id="cb3ff67a-71a5-4c95-a402-2db2b8b55e16" />
      <TestMethod codeBase="D:\ReposFred\devthrottle-wt-625\src\CcDirector.HostedAgent.Tests\bin\Debug\net10.0\CcDirector.HostedAgent.Tests.dll" adapterTypeName="executor://xunit/VsTestRunner2/netcoreapp" className="CcDirector.HostedAgent.Tests.DriverRegistryTests" name="For_ResolvesTheVerifiedDrivers" />
    </UnitTest>
    <UnitTest name="CcDirector.HostedAgent.Tests.DriverRegistryTests.CursorDriver_UndeclaredVerbs_ThrowNotSupported" storage="d:\reposfred\devthrottle-wt-625\src\ccdirector.hostedagent.tests\bin\debug\net10.0\ccdirector.hostedagent.tests.dll" id="78ecf0ee-68d2-85c0-db08-71f64948a7cf">
      <Execution id="924b356b-f596-4713-abb0-ce09fa8eabc3" />
      <TestMethod codeBase="D:\ReposFred\devthrottle-wt-625\src\CcDirector.HostedAgent.Tests\bin\Debug\net10.0\CcDirector.HostedAgent.Tests.dll" adapterTypeName="executor://xunit/VsTestRunner2/netcoreapp" className="CcDirector.HostedAgent.Tests.DriverRegistryTests" name="CursorDriver_UndeclaredVerbs_ThrowNotSupported" />
    </UnitTest>
  </TestDefinitions>
  <TestEntries>
    <TestEntry testId="f78c2a25-db5d-7927-c17c-5d0935c593c1" executionId="11d5eb31-0579-4dbe-85e1-aaa284e5d562" testListId="8c84fa94-04c1-424b-9868-57a2d4851a1d" />
    <TestEntry testId="f056211c-174c-decf-acc0-7b3dd5915e51" executionId="01f9f6a9-4a0e-413b-a5cc-73c4dc3d868b" testListId="8c84fa94-04c1-424b-9868-57a2d4851a1d" />
    <TestEntry testId="c3cdfbe5-29cd-686f-169a-ed217d74cb5d" executionId="aa4905b9-ac56-4369-ac38-9718638de8b8" testListId="8c84fa94-04c1-424b-9868-57a2d4851a1d" />
    <TestEntry testId="2b5af423-dd59-0fe8-a60e-a26c2c625c17" executionId="586c717d-8995-4af2-b7d0-ea5bf95395d4" testListId="8c84fa94-04c1-424b-9868-57a2d4851a1d" />
    <TestEntry testId="9307ecab-547d-066f-eeda-7cdcbf640009" executionId="b32f4732-14a2-4d42-938a-fddcdbc1237a" testListId="8c84fa94-04c1-424b-9868-57a2d4851a1d" />
    <TestEntry testId="8b4cae72-483d-9d59-6261-f813dbfd21fd" executionId="bb1fa3cd-a791-482a-91f4-d3b15279c213" testListId="8c84fa94-04c1-424b-9868-57a2d4851a1d" />
    <TestEntry testId="59181ce4-3078-ab6b-e2e1-43cf7b32bacb" executionId="4584bea0-1319-469b-b829-9319852dc259" testListId="8c84fa94-04c1-424b-9868-57a2d4851a1d" />
    <TestEntry testId="2f3699e9-a3b6-f0ce-208d-c7fc1ea0160a" executionId="b04dd0ff-8c99-40f4-9082-fa67e7cefcce" testListId="8c84fa94-04c1-424b-9868-57a2d4851a1d" />
    <TestEntry testId="9acdedc9-3ef2-1ec9-d6ce-77a3ce16cf03" executionId="3d14bd8e-92cb-46ac-836c-bc75cc809fed" testListId="8c84fa94-04c1-424b-9868-57a2d4851a1d" />
    <TestEntry testId="78ecf0ee-68d2-85c0-db08-71f64948a7cf" executionId="924b356b-f596-4713-abb0-ce09fa8eabc3" testListId="8c84fa94-04c1-424b-9868-57a2d4851a1d" />
    <TestEntry testId="cf45bb71-d971-bb2d-d8a2-3628896fc8ea" executionId="c45bf9ea-2a5c-4e18-8394-8c8f2b9ed5e9" testListId="8c84fa94-04c1-424b-9868-57a2d4851a1d" />
    <TestEntry testId="0d0d3798-8c77-c1cf-7fc7-85cca79dd1f8" executionId="cb3ff67a-71a5-4c95-a402-2db2b8b55e16" testListId="8c84fa94-04c1-424b-9868-57a2d4851a1d" />
    <TestEntry testId="388aca29-2db2-5199-256a-267b16003ec9" executionId="86a9b843-4778-48d7-bd2f-2e574965516a" testListId="8c84fa94-04c1-424b-9868-57a2d4851a1d" />
    <TestEntry testId="bc379e5f-f80a-e820-34a6-f90d0b9d3d98" executionId="44ff159a-1b63-4835-a51d-cd016e33c495" testListId="8c84fa94-04c1-424b-9868-57a2d4851a1d" />
    <TestEntry testId="2e3211fd-f90e-df9c-072a-2f458e6c6ccb" executionId="ecc84aa8-5f0d-448a-b7d5-8599fdf07d2a" testListId="8c84fa94-04c1-424b-9868-57a2d4851a1d" />
    <TestEntry testId="14d44327-80df-8cbd-6056-8a71f5e8de90" executionId="32629425-640f-4768-bbac-fdb649ac439f" testListId="8c84fa94-04c1-424b-9868-57a2d4851a1d" />
    <TestEntry testId="69fbb5ca-9835-9b2b-8726-2f097d824ceb" executionId="281b6ed9-53e4-4547-bb25-a219b415f420" testListId="8c84fa94-04c1-424b-9868-57a2d4851a1d" />
    <TestEntry testId="0393d6ea-801b-05cb-4cf9-3dc9957843aa" executionId="7915b0a1-8c6d-4201-84a8-7ba86b367721" testListId="8c84fa94-04c1-424b-9868-57a2d4851a1d" />
    <TestEntry testId="0b6f7143-9f8f-98a2-cd7e-e0f1703997b9" executionId="f6122b07-e63e-449b-ae1e-42817411359e" testListId="8c84fa94-04c1-424b-9868-57a2d4851a1d" />
    <TestEntry testId="7290d585-d5b5-74ee-2bd7-180d874986bf" executionId="ed481ba0-97fe-4d66-8ccb-2b886a5be587" testListId="8c84fa94-04c1-424b-9868-57a2d4851a1d" />
    <TestEntry testId="bb54af61-a30c-f3e2-5e6e-7fa995fa4ffc" executionId="91bf3ab3-01ed-45cb-ab85-b0feb6cf12cd" testListId="8c84fa94-04c1-424b-9868-57a2d4851a1d" />
    <TestEntry testId="a617c877-933b-e91d-a548-ec7ca4c78332" executionId="3de758af-15a6-4798-b051-437f66644306" testListId="8c84fa94-04c1-424b-9868-57a2d4851a1d" />
    <TestEntry testId="35b82226-008c-15e7-97d6-1720da03e909" executionId="479025da-35f3-4a66-bc79-bb781eed612b" testListId="8c84fa94-04c1-424b-9868-57a2d4851a1d" />
    <TestEntry testId="220c2169-e925-9b42-a6d0-438807a2ae86" executionId="caeeaf46-b011-4fd2-a966-dd7352e1e781" testListId="8c84fa94-04c1-424b-9868-57a2d4851a1d" />
    <TestEntry testId="39b75b21-1483-0199-53aa-3f999edcffa7" executionId="ef53da8e-78ef-49b8-ad85-9f9eb35ee872" testListId="8c84fa94-04c1-424b-9868-57a2d4851a1d" />
    <TestEntry testId="32cc47fb-ce36-a6c7-661f-4cf398f84795" executionId="144bcc27-fe81-4e8d-9baf-2246c657dce9" testListId="8c84fa94-04c1-424b-9868-57a2d4851a1d" />
    <TestEntry testId="3854fa38-3dd4-20d8-b86d-950d556978d3" executionId="f1e7d829-2132-403d-9c8c-f93ecce17f69" testListId="8c84fa94-04c1-424b-9868-57a2d4851a1d" />
  </TestEntries>
  <TestLists>
    <TestList name="Results Not in a List" id="8c84fa94-04c1-424b-9868-57a2d4851a1d" />
    <TestList name="All Loaded Results" id="19431567-8539-422a-85d7-44ee4e166bda" />
  </TestLists>
  <ResultSummary outcome="Completed">
    <Counters total="27" executed="27" passed="27" failed="0" error="0" timeout="0" aborted="0" inconclusive="0" passedButRunAborted="0" notRunnable="0" notExecuted="0" disconnected="0" warning="0" completed="0" inProgress="0" pending="0" />
    <Output>
      <StdOut>[xUnit.net 00:00:00.00] xUnit.net VSTest Adapter v2.8.2+699d445a1a (64-bit .NET 10.0.9)&#xD;
[xUnit.net 00:00:00.55]   Discovering: CcDirector.HostedAgent.Tests&#xD;
[xUnit.net 00:00:00.65]   Discovered:  CcDirector.HostedAgent.Tests&#xD;
[xUnit.net 00:00:00.66]   Starting:    CcDirector.HostedAgent.Tests&#xD;
[xUnit.net 00:00:01.15]   Finished:    CcDirector.HostedAgent.Tests&#xD;
</StdOut>
    </Output>
  </ResultSummary>
</TestRun>