<?xml version="1.0" encoding="utf-8"?>
<TestRun id="3e256612-5714-4f52-b681-a6c6236291ab" name="soren@SOREN_NORTH 2026-06-21 21:55:49" runUser="SOREN_NORTH\soren" xmlns="http://microsoft.com/schemas/VisualStudio/TeamTest/2010">
  <Times creation="2026-06-21T21:55:49.3851730-04:00" queuing="2026-06-21T21:55:49.3851733-04:00" start="2026-06-21T21:55:48.3421264-04:00" finish="2026-06-21T21:55:49.4361186-04:00" />
  <TestSettings name="default" id="a6fec9e9-b99e-40dd-8650-c5c55c33448d">
    <Deployment runDeploymentRoot="soren_SOREN_NORTH_2026-06-21_21_55_49" />
  </TestSettings>
  <Results>
    <UnitTestResult executionId="0c300838-4ffa-4253-bc4f-eef6b2e6fe61" testId="f3c08f1a-53fa-6768-f184-2fc422425456" testName="CcDirector.Core.Tests.Configuration.AgentEntryTests.LoadEntries_NoEntries_SeedsFromLegacyInFixedOrder" computerName="SOREN_NORTH" duration="00:00:00.0154782" startTime="2026-06-21T21:55:49.3105544-04:00" endTime="2026-06-21T21:55:49.3105548-04:00" testType="13cdc9d9-ddb5-4fa4-a97d-d965ccfc6d4b" outcome="Passed" testListId="8c84fa94-04c1-424b-9868-57a2d4851a1d" relativeResultsDirectory="0c300838-4ffa-4253-bc4f-eef6b2e6fe61" />
    <UnitTestResult executionId="7b81e762-e032-4779-8192-53018948dcf7" testId="1d869b33-7be5-a94a-a0af-8fe47f53e0c7" testName="CcDirector.Core.Tests.Drivers.CopilotDriverTests.UndeclaredVerbs_ThrowNotSupported" computerName="SOREN_NORTH" duration="00:00:00.0021673" startTime="2026-06-21T21:55:49.3767499-04:00" endTime="2026-06-21T21:55:49.3767501-04:00" testType="13cdc9d9-ddb5-4fa4-a97d-d965ccfc6d4b" outcome="Passed" testListId="8c84fa94-04c1-424b-9868-57a2d4851a1d" relativeResultsDirectory="7b81e762-e032-4779-8192-53018948dcf7" />
    <UnitTestResult executionId="a5c6bca3-65eb-4ed8-9ad3-8b7318157c03" testId="bc7639b8-40f5-2cd0-39b8-8d2a1b4a6b4d" testName="CcDirector.Core.Tests.Drivers.CopilotDriverTests.ParseStreamLine_ReturnsNull_ForNonWidgetLines(line: &quot;{\&quot;type\&quot;:\&quot;session.tools_updated\&quot;}&quot;)" computerName="SOREN_NORTH" duration="00:00:00.0000155" startTime="2026-06-21T21:55:49.3786738-04:00" endTime="2026-06-21T21:55:49.3786739-04:00" testType="13cdc9d9-ddb5-4fa4-a97d-d965ccfc6d4b" outcome="Passed" testListId="8c84fa94-04c1-424b-9868-57a2d4851a1d" relativeResultsDirectory="a5c6bca3-65eb-4ed8-9ad3-8b7318157c03" />
    <UnitTestResult executionId="b32ebf1b-5725-415e-8587-f23d5193cb69" testId="c9cd9e15-abdc-397c-a25d-be663cd967bc" testName="CcDirector.Core.Tests.Drivers.CopilotDriverTests.ParseStreamLine_AssistantMessage_ProducesTextWidget" computerName="SOREN_NORTH" duration="00:00:00.0007600" startTime="2026-06-21T21:55:49.3778385-04:00" endTime="2026-06-21T21:55:49.3778386-04:00" testType="13cdc9d9-ddb5-4fa4-a97d-d965ccfc6d4b" outcome="Passed" testListId="8c84fa94-04c1-424b-9868-57a2d4851a1d" relativeResultsDirectory="b32ebf1b-5725-415e-8587-f23d5193cb69" />
    <UnitTestResult executionId="3e822b3d-c21c-44c7-a094-fd15d5d0dfec" testId="0b0efe7a-6b86-f20c-711d-655bb60ff0a3" testName="CcDirector.Core.Tests.Drivers.CopilotDriverTests.TryCaptureSessionId_FromFlatSessionIdField" computerName="SOREN_NORTH" duration="00:00:00.0000598" startTime="2026-06-21T21:55:49.3787683-04:00" endTime="2026-06-21T21:55:49.3787683-04:00" testType="13cdc9d9-ddb5-4fa4-a97d-d965ccfc6d4b" outcome="Passed" testListId="8c84fa94-04c1-424b-9868-57a2d4851a1d" relativeResultsDirectory="3e822b3d-c21c-44c7-a094-fd15d5d0dfec" />
    <UnitTestResult executionId="ea847a2b-ac78-4a1e-82eb-76f487811e41" testId="59c23514-3d1e-727c-6ea2-2c17b6c1b1bb" testName="CcDirector.Core.Tests.Drivers.CopilotDriverTests.TryCaptureSessionId_ReturnsNull_WhenNoIdPresent(line: &quot;&quot;)" computerName="SOREN_NORTH" duration="00:00:00.0000053" startTime="2026-06-21T21:55:49.3732474-04:00" endTime="2026-06-21T21:55:49.3732475-04:00" testType="13cdc9d9-ddb5-4fa4-a97d-d965ccfc6d4b" outcome="Passed" testListId="8c84fa94-04c1-424b-9868-57a2d4851a1d" relativeResultsDirectory="ea847a2b-ac78-4a1e-82eb-76f487811e41" />
    <UnitTestResult executionId="7f656dca-c3c7-4303-b6ce-399bc4cb6aa0" testId="193442de-9ee3-b7be-d79a-121dae100655" testName="CcDirector.Core.Tests.Agents.CopilotAgentTests.ExecutablePath_UsesConfiguredCopilotPath" computerName="SOREN_NORTH" duration="00:00:00.0000727" startTime="2026-06-21T21:55:49.3638969-04:00" endTime="2026-06-21T21:55:49.3638970-04:00" testType="13cdc9d9-ddb5-4fa4-a97d-d965ccfc6d4b" outcome="Passed" testListId="8c84fa94-04c1-424b-9868-57a2d4851a1d" relativeResultsDirectory="7f656dca-c3c7-4303-b6ce-399bc4cb6aa0" />
    <UnitTestResult executionId="212a5bf6-645b-4a72-bdc2-50800d0ebf90" testId="791dd28c-7749-65da-d427-a8404f559c76" testName="CcDirector.Core.Tests.Agents.CopilotAgentTests.SupportsStudioMode_IsFalse" computerName="SOREN_NORTH" duration="00:00:00.0001059" startTime="2026-06-21T21:55:49.3639359-04:00" endTime="2026-06-21T21:55:49.3639360-04:00" testType="13cdc9d9-ddb5-4fa4-a97d-d965ccfc6d4b" outcome="Passed" testListId="8c84fa94-04c1-424b-9868-57a2d4851a1d" relativeResultsDirectory="212a5bf6-645b-4a72-bdc2-50800d0ebf90" />
    <UnitTestResult executionId="9ac45d4c-a673-4b6c-bda3-21b755c7ddaf" testId="35fd405f-f7b0-7b46-6b69-5fbd7cd5494a" testName="CcDirector.Core.Tests.Agents.CopilotAgentTests.GetConfiguredPath_Copilot_ReturnsConfiguredCopilotPath" computerName="SOREN_NORTH" duration="00:00:00.0002325" startTime="2026-06-21T21:55:49.3634961-04:00" endTime="2026-06-21T21:55:49.3634961-04:00" testType="13cdc9d9-ddb5-4fa4-a97d-d965ccfc6d4b" outcome="Passed" testListId="8c84fa94-04c1-424b-9868-57a2d4851a1d" relativeResultsDirectory="9ac45d4c-a673-4b6c-bda3-21b755c7ddaf" />
    <UnitTestResult executionId="4b542fe3-ef30-4e87-bf25-1cabfd178fbf" testId="20410da2-92d8-9291-6c30-cb99ad8b89c1" testName="CcDirector.Core.Tests.Drivers.CopilotDriverTests.ParseStreamLine_AssistantMessageDelta_ProducesTextWidget" computerName="SOREN_NORTH" duration="00:00:00.0000822" startTime="2026-06-21T21:55:49.3855359-04:00" endTime="2026-06-21T21:55:49.3855360-04:00" testType="13cdc9d9-ddb5-4fa4-a97d-d965ccfc6d4b" outcome="Passed" testListId="8c84fa94-04c1-424b-9868-57a2d4851a1d" relativeResultsDirectory="4b542fe3-ef30-4e87-bf25-1cabfd178fbf" />
    <UnitTestResult executionId="c76903cf-51f1-414d-9563-cfd8a6265af4" testId="6bd5e59c-3a94-129a-7e67-3ac80a107397" testName="CcDirector.Core.Tests.Configuration.AgentEntryTests.LoadEntries_NoEntries_WritesEntriesArrayAndKeepsLegacyKeys" computerName="SOREN_NORTH" duration="00:00:00.0259762" startTime="2026-06-21T21:55:49.2830489-04:00" endTime="2026-06-21T21:55:49.2830495-04:00" testType="13cdc9d9-ddb5-4fa4-a97d-d965ccfc6d4b" outcome="Passed" testListId="8c84fa94-04c1-424b-9868-57a2d4851a1d" relativeResultsDirectory="c76903cf-51f1-414d-9563-cfd8a6265af4" />
    <UnitTestResult executionId="60bb4a37-59ce-41da-bbdc-ce7c2589489e" testId="4f8584d2-a188-d076-1236-12e434a7d384" testName="CcDirector.Core.Tests.Drivers.CopilotDriverTests.Interrupt_IsCtrlC" computerName="SOREN_NORTH" duration="00:00:00.0008847" startTime="2026-06-21T21:55:49.3850569-04:00" endTime="2026-06-21T21:55:49.3850570-04:00" testType="13cdc9d9-ddb5-4fa4-a97d-d965ccfc6d4b" outcome="Passed" testListId="8c84fa94-04c1-424b-9868-57a2d4851a1d" relativeResultsDirectory="60bb4a37-59ce-41da-bbdc-ce7c2589489e" />
    <UnitTestResult executionId="13af8fe5-551f-477f-b052-164a1ee26832" testId="08cf8aa2-05cf-4b4f-31c2-7b98a5712a2b" testName="CcDirector.Core.Tests.Drivers.CopilotDriverTests.ParseStreamLine_ReturnsNull_ForNonWidgetLines(line: &quot;not json&quot;)" computerName="SOREN_NORTH" duration="00:00:00.0000032" startTime="2026-06-21T21:55:49.3787145-04:00" endTime="2026-06-21T21:55:49.3787145-04:00" testType="13cdc9d9-ddb5-4fa4-a97d-d965ccfc6d4b" outcome="Passed" testListId="8c84fa94-04c1-424b-9868-57a2d4851a1d" relativeResultsDirectory="13af8fe5-551f-477f-b052-164a1ee26832" />
    <UnitTestResult executionId="89500b8f-2ca7-4a2b-ae34-59c6693fb500" testId="55d43452-be8b-cd28-51bb-6add1e445738" testName="CcDirector.Core.Tests.Agents.CopilotAgentTests.SupportsPreassignedSessionId_IsTrue" computerName="SOREN_NORTH" duration="00:00:00.0001469" startTime="2026-06-21T21:55:49.3715401-04:00" endTime="2026-06-21T21:55:49.3715402-04:00" testType="13cdc9d9-ddb5-4fa4-a97d-d965ccfc6d4b" outcome="Passed" testListId="8c84fa94-04c1-424b-9868-57a2d4851a1d" relativeResultsDirectory="89500b8f-2ca7-4a2b-ae34-59c6693fb500" />
    <UnitTestResult executionId="1e22bd49-e444-43fa-8460-3f6b81deec33" testId="7c915923-dcaf-2a4a-0bc8-dd13b7767b2c" testName="CcDirector.Core.Tests.Agents.AgentToolCatalogTests.GetEntry_EveryEntryHasAtLeastOnePreset" computerName="SOREN_NORTH" duration="00:00:00.0001998" startTime="2026-06-21T21:55:49.3617987-04:00" endTime="2026-06-21T21:55:49.3617988-04:00" testType="13cdc9d9-ddb5-4fa4-a97d-d965ccfc6d4b" outcome="Passed" testListId="8c84fa94-04c1-424b-9868-57a2d4851a1d" relativeResultsDirectory="1e22bd49-e444-43fa-8460-3f6b81deec33" />
    <UnitTestResult executionId="ebcdadd9-a30f-4753-a55a-7b91563eb6c4" testId="4bf77371-95ee-568d-35c1-1e7d1384eec8" testName="CcDirector.Core.Tests.Agents.CopilotAgentTests.ResolveCopilotToken_PrefersCopilotEnvVarOverGhToken" computerName="SOREN_NORTH" duration="00:00:00.0004891" startTime="2026-06-21T21:55:49.3633285-04:00" endTime="2026-06-21T21:55:49.3633285-04:00" testType="13cdc9d9-ddb5-4fa4-a97d-d965ccfc6d4b" outcome="Passed" testListId="8c84fa94-04c1-424b-9868-57a2d4851a1d" relativeResultsDirectory="ebcdadd9-a30f-4753-a55a-7b91563eb6c4" />
    <UnitTestResult executionId="59a35400-05f6-4169-9058-d474d10e670c" testId="8ae20c1a-df9d-149a-9d0c-0873ad750286" testName="CcDirector.Core.Tests.Drivers.CopilotDriverTests.ParseStreamLine_ReturnsNull_ForNonWidgetLines(line: &quot;{\&quot;type\&quot;:\&quot;assistant.turn_start\&quot;}&quot;)" computerName="SOREN_NORTH" duration="00:00:00.0000111" startTime="2026-06-21T21:55:49.3786950-04:00" endTime="2026-06-21T21:55:49.3786955-04:00" testType="13cdc9d9-ddb5-4fa4-a97d-d965ccfc6d4b" outcome="Passed" testListId="8c84fa94-04c1-424b-9868-57a2d4851a1d" relativeResultsDirectory="59a35400-05f6-4169-9058-d474d10e670c" />
    <UnitTestResult executionId="443196eb-6faa-4503-b98c-4203425fadb9" testId="d8079798-d9ec-2eae-e512-a63d52c07890" testName="CcDirector.Core.Tests.Configuration.AgentEntryTests.LoadEntries_ExistingEntries_ReadInArrayOrder" computerName="SOREN_NORTH" duration="00:00:00.0117870" startTime="2026-06-21T21:55:49.2949496-04:00" endTime="2026-06-21T21:55:49.2949501-04:00" testType="13cdc9d9-ddb5-4fa4-a97d-d965ccfc6d4b" outcome="Passed" testListId="8c84fa94-04c1-424b-9868-57a2d4851a1d" relativeResultsDirectory="443196eb-6faa-4503-b98c-4203425fadb9" />
    <UnitTestResult executionId="409d4f92-b832-4e47-b64b-ab7c1b90d318" testId="d343673c-c19d-51ed-2a4d-0a7c336d01e1" testName="CcDirector.Core.Tests.Agents.CopilotAgentTests.BuildLaunchSpec_YoloPresetArgs_IncludesAllowAll" computerName="SOREN_NORTH" duration="00:00:00.0000809" startTime="2026-06-21T21:55:49.3639765-04:00" endTime="2026-06-21T21:55:49.3639766-04:00" testType="13cdc9d9-ddb5-4fa4-a97d-d965ccfc6d4b" outcome="Passed" testListId="8c84fa94-04c1-424b-9868-57a2d4851a1d" relativeResultsDirectory="409d4f92-b832-4e47-b64b-ab7c1b90d318" />
    <UnitTestResult executionId="88b75eee-c72c-4a75-84f6-1813cd75618a" testId="e0d86de8-b121-5b2a-1f92-788406a0cdfa" testName="CcDirector.Core.Tests.Drivers.CopilotDriverTests.ParseStreamLine_UserMessage_ProducesUserWidget" computerName="SOREN_NORTH" duration="00:00:00.0001118" startTime="2026-06-21T21:55:49.3841432-04:00" endTime="2026-06-21T21:55:49.3841434-04:00" testType="13cdc9d9-ddb5-4fa4-a97d-d965ccfc6d4b" outcome="Passed" testListId="8c84fa94-04c1-424b-9868-57a2d4851a1d" relativeResultsDirectory="88b75eee-c72c-4a75-84f6-1813cd75618a" />
    <UnitTestResult executionId="ce48f603-684d-4af7-9e1a-bedfdea9835e" testId="1feaaf74-da6f-97e9-6392-4acb382c2627" testName="CcDirector.Core.Tests.Agents.CopilotAgentTests.ResolveCopilotToken_PrefersConfiguredValue" computerName="SOREN_NORTH" duration="00:00:00.0000596" startTime="2026-06-21T21:55:49.3639584-04:00" endTime="2026-06-21T21:55:49.3639585-04:00" testType="13cdc9d9-ddb5-4fa4-a97d-d965ccfc6d4b" outcome="Passed" testListId="8c84fa94-04c1-424b-9868-57a2d4851a1d" relativeResultsDirectory="ce48f603-684d-4af7-9e1a-bedfdea9835e" />
    <UnitTestResult executionId="1a505025-dcd0-4d3b-8e92-36a2e83a85f7" testId="28a62d0c-b6d0-4ef5-c791-e80898671370" testName="CcDirector.Core.Tests.Drivers.CopilotDriverTests.TryCaptureSessionId_ReturnsNull_WhenNoIdPresent(line: &quot;not json&quot;)" computerName="SOREN_NORTH" duration="00:00:00.0001503" startTime="2026-06-21T21:55:49.3732115-04:00" endTime="2026-06-21T21:55:49.3732115-04:00" testType="13cdc9d9-ddb5-4fa4-a97d-d965ccfc6d4b" outcome="Passed" testListId="8c84fa94-04c1-424b-9868-57a2d4851a1d" relativeResultsDirectory="1a505025-dcd0-4d3b-8e92-36a2e83a85f7" />
    <UnitTestResult executionId="bf997061-e2c6-44c4-9bd4-3b966555d097" testId="eaee3464-383f-60b0-f3aa-26e4e7509ccb" testName="CcDirector.Core.Tests.Drivers.CopilotDriverTests.TryCaptureSessionId_ReturnsNull_WhenNoIdPresent(line: &quot;{\&quot;type\&quot;:\&quot;assistant.message\&quot;,\&quot;text\&quot;:\&quot;hi\&quot;}&quot;)" computerName="SOREN_NORTH" duration="00:00:00.0010260" startTime="2026-06-21T21:55:49.3730248-04:00" endTime="2026-06-21T21:55:49.3730249-04:00" testType="13cdc9d9-ddb5-4fa4-a97d-d965ccfc6d4b" outcome="Passed" testListId="8c84fa94-04c1-424b-9868-57a2d4851a1d" relativeResultsDirectory="bf997061-e2c6-44c4-9bd4-3b966555d097" />
    <UnitTestResult executionId="660844c7-cb10-4c32-8e96-28d6e23f35b5" testId="40ec8b9a-655b-3153-1cf5-575384ead9ba" testName="CcDirector.Core.Tests.Agents.CopilotAgentTests.AgentKind_Copilot_RoundTripsThroughJsonSerialization" computerName="SOREN_NORTH" duration="00:00:00.0161745" startTime="2026-06-21T21:55:49.3692220-04:00" endTime="2026-06-21T21:55:49.3692224-04:00" testType="13cdc9d9-ddb5-4fa4-a97d-d965ccfc6d4b" outcome="Passed" testListId="8c84fa94-04c1-424b-9868-57a2d4851a1d" relativeResultsDirectory="660844c7-cb10-4c32-8e96-28d6e23f35b5" />
    <UnitTestResult executionId="50a37329-90e1-4db5-ae2b-06b905e97147" testId="1d285f13-a9b1-2485-85b9-c4b585f714aa" testName="CcDirector.Core.Tests.Agents.AgentToolCatalogTests.ClaudeEntry_OffersStandardPreset_NotAsDefault" computerName="SOREN_NORTH" duration="00:00:00.0002791" startTime="2026-06-21T21:55:49.3617692-04:00" endTime="2026-06-21T21:55:49.3617692-04:00" testType="13cdc9d9-ddb5-4fa4-a97d-d965ccfc6d4b" outcome="Passed" testListId="8c84fa94-04c1-424b-9868-57a2d4851a1d" relativeResultsDirectory="50a37329-90e1-4db5-ae2b-06b905e97147" />
    <UnitTestResult executionId="8faa1c36-7049-4824-b1b5-74057671a750" testId="4f298bfd-8e67-5a66-566d-8e1a5f581379" testName="CcDirector.Core.Tests.Agents.AgentToolCatalogTests.Contains_RawCli_ReturnsFalse" computerName="SOREN_NORTH" duration="00:00:00.0001331" startTime="2026-06-21T21:55:49.3618500-04:00" endTime="2026-06-21T21:55:49.3618501-04:00" testType="13cdc9d9-ddb5-4fa4-a97d-d965ccfc6d4b" outcome="Passed" testListId="8c84fa94-04c1-424b-9868-57a2d4851a1d" relativeResultsDirectory="8faa1c36-7049-4824-b1b5-74057671a750" />
    <UnitTestResult executionId="48827651-3185-4f72-bda6-b0ff3d88bf0f" testId="b7a4301a-d1f6-3316-f5ac-5dc8cb2f05b0" testName="CcDirector.Core.Tests.Agents.AgentToolCatalogTests.CodexEntry_DefaultPresetIsStandard_AndOffersFullAccess" computerName="SOREN_NORTH" duration="00:00:00.0001321" startTime="2026-06-21T21:55:49.3619122-04:00" endTime="2026-06-21T21:55:49.3619123-04:00" testType="13cdc9d9-ddb5-4fa4-a97d-d965ccfc6d4b" outcome="Passed" testListId="8c84fa94-04c1-424b-9868-57a2d4851a1d" relativeResultsDirectory="48827651-3185-4f72-bda6-b0ff3d88bf0f" />
    <UnitTestResult executionId="70af903c-cc5b-4937-9cd0-2e48f9aed497" testId="ac35cee9-8f8e-4c8c-4c08-14bf50bdd2e8" testName="CcDirector.Core.Tests.Agents.CopilotAgentTests.DisplayName_Copilot_IsGitHubCopilot" computerName="SOREN_NORTH" duration="00:00:00.0000420" startTime="2026-06-21T21:55:49.3639938-04:00" endTime="2026-06-21T21:55:49.3639938-04:00" testType="13cdc9d9-ddb5-4fa4-a97d-d965ccfc6d4b" outcome="Passed" testListId="8c84fa94-04c1-424b-9868-57a2d4851a1d" relativeResultsDirectory="70af903c-cc5b-4937-9cd0-2e48f9aed497" />
    <UnitTestResult executionId="2f796978-9c08-4352-834b-f08db72a4870" testId="9ca24c1b-20f3-f08e-5ab3-faeeb1f2e948" testName="CcDirector.Core.Tests.Agents.AgentToolCatalogTests.ClaudeEntry_DefaultPresetIsAutomatic_WithSkipPermissions" computerName="SOREN_NORTH" duration="00:00:00.0000549" startTime="2026-06-21T21:55:49.3618915-04:00" endTime="2026-06-21T21:55:49.3618916-04:00" testType="13cdc9d9-ddb5-4fa4-a97d-d965ccfc6d4b" outcome="Passed" testListId="8c84fa94-04c1-424b-9868-57a2d4851a1d" relativeResultsDirectory="2f796978-9c08-4352-834b-f08db72a4870" />
    <UnitTestResult executionId="aa71f65b-67b3-49d3-92dc-93d1a0582089" testId="20a00f80-b345-a4a3-796a-6951bff1948a" testName="CcDirector.Core.Tests.Agents.CopilotAgentTests.SupportedTools_IncludesCopilot" computerName="SOREN_NORTH" duration="00:00:00.0016860" startTime="2026-06-21T21:55:49.3710382-04:00" endTime="2026-06-21T21:55:49.3710384-04:00" testType="13cdc9d9-ddb5-4fa4-a97d-d965ccfc6d4b" outcome="Passed" testListId="8c84fa94-04c1-424b-9868-57a2d4851a1d" relativeResultsDirectory="aa71f65b-67b3-49d3-92dc-93d1a0582089" />
    <UnitTestResult executionId="be581637-9d02-40dc-837d-484416eb5c1c" testId="26b6f8a7-bbb1-8db3-73f3-66d4a1c59971" testName="CcDirector.Core.Tests.Agents.CopilotAgentTests.ExecutablePath_DefaultsToNpmGlobalCopilotCmd" computerName="SOREN_NORTH" duration="00:00:00.0001366" startTime="2026-06-21T21:55:49.3634562-04:00" endTime="2026-06-21T21:55:49.3634563-04:00" testType="13cdc9d9-ddb5-4fa4-a97d-d965ccfc6d4b" outcome="Passed" testListId="8c84fa94-04c1-424b-9868-57a2d4851a1d" relativeResultsDirectory="be581637-9d02-40dc-837d-484416eb5c1c" />
    <UnitTestResult executionId="ef0662e3-936f-4a1a-b45c-edd8d0f9aa2c" testId="eeab835a-d916-371e-0007-154fef561324" testName="CcDirector.Core.Tests.Agents.CopilotAgentTests.BuildLaunchSpec_NewSession_PassesUserArgsThrough" computerName="SOREN_NORTH" duration="00:00:00.0002288" startTime="2026-06-21T21:55:49.3713328-04:00" endTime="2026-06-21T21:55:49.3713329-04:00" testType="13cdc9d9-ddb5-4fa4-a97d-d965ccfc6d4b" outcome="Passed" testListId="8c84fa94-04c1-424b-9868-57a2d4851a1d" relativeResultsDirectory="ef0662e3-936f-4a1a-b45c-edd8d0f9aa2c" />
    <UnitTestResult executionId="e639a935-0fd8-4dd1-a584-84bcf1ef3650" testId="b881970f-f296-fe83-d91f-efe45c7f7f64" testName="CcDirector.Core.Tests.Agents.AgentToolCatalogTests.NonClaudeEntries_DefaultPresetIsStandard" computerName="SOREN_NORTH" duration="00:00:00.0001932" startTime="2026-06-21T21:55:49.3619301-04:00" endTime="2026-06-21T21:55:49.3619301-04:00" testType="13cdc9d9-ddb5-4fa4-a97d-d965ccfc6d4b" outcome="Passed" testListId="8c84fa94-04c1-424b-9868-57a2d4851a1d" relativeResultsDirectory="e639a935-0fd8-4dd1-a584-84bcf1ef3650" />
    <UnitTestResult executionId="cb9d391d-34ce-48b4-aecb-984cffe4ce29" testId="83ce7bcf-175d-8808-a6a9-8451fef79e15" testName="CcDirector.Core.Tests.Drivers.CopilotDriverTests.AgentDrivers_For_Copilot_ReturnsCopilotDriver" computerName="SOREN_NORTH" duration="00:00:00.0027559" startTime="2026-06-21T21:55:49.3839634-04:00" endTime="2026-06-21T21:55:49.3839636-04:00" testType="13cdc9d9-ddb5-4fa4-a97d-d965ccfc6d4b" outcome="Passed" testListId="8c84fa94-04c1-424b-9868-57a2d4851a1d" relativeResultsDirectory="cb9d391d-34ce-48b4-aecb-984cffe4ce29" />
    <UnitTestResult executionId="89e298ff-7937-4568-a336-a72378409879" testId="4fc07c2f-87f9-8580-4981-783d0bc14eab" testName="CcDirector.Core.Tests.Configuration.AgentEntryTests.SaveEntries_RoundTripsLaunchMode" computerName="SOREN_NORTH" duration="00:00:00.0093557" startTime="2026-06-21T21:55:49.3200287-04:00" endTime="2026-06-21T21:55:49.3200293-04:00" testType="13cdc9d9-ddb5-4fa4-a97d-d965ccfc6d4b" outcome="Passed" testListId="8c84fa94-04c1-424b-9868-57a2d4851a1d" relativeResultsDirectory="89e298ff-7937-4568-a336-a72378409879" />
    <UnitTestResult executionId="8311ec95-d3b9-4989-a7a8-ab4e952ec1ad" testId="7c4d2183-33b2-1808-5308-74b80d16e117" testName="CcDirector.Core.Tests.Drivers.CopilotDriverTests.ParseStreamLine_CommittedFixture_ParsesTurnIntoWidgets" computerName="SOREN_NORTH" duration="00:00:00.0025232" startTime="2026-06-21T21:55:49.3811449-04:00" endTime="2026-06-21T21:55:49.3811456-04:00" testType="13cdc9d9-ddb5-4fa4-a97d-d965ccfc6d4b" outcome="Passed" testListId="8c84fa94-04c1-424b-9868-57a2d4851a1d" relativeResultsDirectory="8311ec95-d3b9-4989-a7a8-ab4e952ec1ad" />
    <UnitTestResult executionId="23b60126-b912-4758-a1b3-99c01d6a2424" testId="f827ed2c-9e36-a635-f8d7-2e141a8e6835" testName="CcDirector.Core.Tests.Agents.AgentToolCatalogTests.CopilotEntry_DefaultPresetIsStandard_AndOffersYoloWithAllowAll" computerName="SOREN_NORTH" duration="00:00:00.0002093" startTime="2026-06-21T21:55:49.3618226-04:00" endTime="2026-06-21T21:55:49.3618226-04:00" testType="13cdc9d9-ddb5-4fa4-a97d-d965ccfc6d4b" outcome="Passed" testListId="8c84fa94-04c1-424b-9868-57a2d4851a1d" relativeResultsDirectory="23b60126-b912-4758-a1b3-99c01d6a2424" />
    <UnitTestResult executionId="8363f164-4a1a-44fe-9b34-d2982d6a5b97" testId="eadce5dc-eada-9012-47fb-25eacb3c3adf" testName="CcDirector.Core.Tests.Drivers.CopilotDriverTests.ParseStreamLine_ReturnsNull_ForNonWidgetLines(line: &quot;{\&quot;type\&quot;:\&quot;result\&quot;,\&quot;status\&quot;:\&quot;success\&quot;}&quot;)" computerName="SOREN_NORTH" duration="00:00:00.0001647" startTime="2026-06-21T21:55:49.3780464-04:00" endTime="2026-06-21T21:55:49.3780465-04:00" testType="13cdc9d9-ddb5-4fa4-a97d-d965ccfc6d4b" outcome="Passed" testListId="8c84fa94-04c1-424b-9868-57a2d4851a1d" relativeResultsDirectory="8363f164-4a1a-44fe-9b34-d2982d6a5b97" />
    <UnitTestResult executionId="53dda86d-7c79-4a55-b002-f813660d89d0" testId="cdc73d61-13ca-7f52-9d97-6e0b84769f32" testName="CcDirector.Core.Tests.Configuration.AgentEntryTests.SaveEntries_PreservesUnrelatedSections" computerName="SOREN_NORTH" duration="00:00:00.0173361" startTime="2026-06-21T21:55:49.3374861-04:00" endTime="2026-06-21T21:55:49.3374866-04:00" testType="13cdc9d9-ddb5-4fa4-a97d-d965ccfc6d4b" outcome="Passed" testListId="8c84fa94-04c1-424b-9868-57a2d4851a1d" relativeResultsDirectory="53dda86d-7c79-4a55-b002-f813660d89d0" />
    <UnitTestResult executionId="ac6c2362-99c5-4cea-bb2e-c42bf80eb789" testId="314dabf8-0583-1c25-7169-50a710938bde" testName="CcDirector.Core.Tests.Drivers.CopilotDriverTests.BuildLaunchSpec_Resume_EmitsResumeAndNoMintedId" computerName="SOREN_NORTH" duration="00:00:00.0000979" startTime="2026-06-21T21:55:49.3787413-04:00" endTime="2026-06-21T21:55:49.3787414-04:00" testType="13cdc9d9-ddb5-4fa4-a97d-d965ccfc6d4b" outcome="Passed" testListId="8c84fa94-04c1-424b-9868-57a2d4851a1d" relativeResultsDirectory="ac6c2362-99c5-4cea-bb2e-c42bf80eb789" />
    <UnitTestResult executionId="ca3a2a1a-1cec-497a-8d2b-615103a5e300" testId="1a3b8c94-5741-68f4-cabb-e56fc15c67d0" testName="CcDirector.Core.Tests.Drivers.CopilotDriverTests.Capabilities_DeclareOnlyInterruptAndPreassignedSessionId" computerName="SOREN_NORTH" duration="00:00:00.0001964" startTime="2026-06-21T21:55:49.3854387-04:00" endTime="2026-06-21T21:55:49.3854388-04:00" testType="13cdc9d9-ddb5-4fa4-a97d-d965ccfc6d4b" outcome="Passed" testListId="8c84fa94-04c1-424b-9868-57a2d4851a1d" relativeResultsDirectory="ca3a2a1a-1cec-497a-8d2b-615103a5e300" />
    <UnitTestResult executionId="755f9708-9028-40f2-9063-e452f4fb1965" testId="8f1f5180-588d-f175-c77c-5560ba92d2d5" testName="CcDirector.Core.Tests.Drivers.CopilotDriverTests.Submit_IsBlind" computerName="SOREN_NORTH" duration="00:00:00.0012183" startTime="2026-06-21T21:55:49.3745240-04:00" endTime="2026-06-21T21:55:49.3745241-04:00" testType="13cdc9d9-ddb5-4fa4-a97d-d965ccfc6d4b" outcome="Passed" testListId="8c84fa94-04c1-424b-9868-57a2d4851a1d" relativeResultsDirectory="755f9708-9028-40f2-9063-e452f4fb1965" />
    <UnitTestResult executionId="58b5130a-5a85-4ab7-9fe9-9c111447393c" testId="de449d22-00a0-564d-cd44-01b4915890c2" testName="CcDirector.Core.Tests.Drivers.CopilotDriverTests.ParseStreamLine_ReturnsNull_ForNonWidgetLines(line: &quot;&quot;)" computerName="SOREN_NORTH" duration="00:00:00.0001436" startTime="2026-06-21T21:55:49.3786463-04:00" endTime="2026-06-21T21:55:49.3786464-04:00" testType="13cdc9d9-ddb5-4fa4-a97d-d965ccfc6d4b" outcome="Passed" testListId="8c84fa94-04c1-424b-9868-57a2d4851a1d" relativeResultsDirectory="58b5130a-5a85-4ab7-9fe9-9c111447393c" />
    <UnitTestResult executionId="b473ffd0-f0fc-4d1e-be2c-630451eecd24" testId="b6a9f203-a55a-afd7-0290-00edca46ba8d" testName="CcDirector.Core.Tests.Configuration.AgentEntryTests.LoadEntries_LegacyNoLaunchMode_InfersCustomFromArgsOverride" computerName="SOREN_NORTH" duration="00:00:00.0216902" startTime="2026-06-21T21:55:49.2055678-04:00" endTime="2026-06-21T21:55:49.2055900-04:00" testType="13cdc9d9-ddb5-4fa4-a97d-d965ccfc6d4b" outcome="Passed" testListId="8c84fa94-04c1-424b-9868-57a2d4851a1d" relativeResultsDirectory="b473ffd0-f0fc-4d1e-be2c-630451eecd24" />
    <UnitTestResult executionId="21abc2f3-25e4-4772-85a0-24be00f6de94" testId="a267804e-e050-dad1-2698-9344b97cd604" testName="CcDirector.Core.Tests.Agents.CopilotAgentTests.ResolveCopilotToken_NoConfigNoEnv_ReturnsNull" computerName="SOREN_NORTH" duration="00:00:00.0001890" startTime="2026-06-21T21:55:49.3633650-04:00" endTime="2026-06-21T21:55:49.3633651-04:00" testType="13cdc9d9-ddb5-4fa4-a97d-d965ccfc6d4b" outcome="Passed" testListId="8c84fa94-04c1-424b-9868-57a2d4851a1d" relativeResultsDirectory="21abc2f3-25e4-4772-85a0-24be00f6de94" />
    <UnitTestResult executionId="265b7675-3c97-49d9-9c22-0d8ef8ae87d8" testId="c8464b66-7a0c-8f4e-b01b-8489ccfea04a" testName="CcDirector.Core.Tests.Configuration.AgentEntryTests.SaveEntries_RemoveAndReorder_PersistsNewOrder" computerName="SOREN_NORTH" duration="00:00:00.0276513" startTime="2026-06-21T21:55:49.2328640-04:00" endTime="2026-06-21T21:55:49.2328644-04:00" testType="13cdc9d9-ddb5-4fa4-a97d-d965ccfc6d4b" outcome="Passed" testListId="8c84fa94-04c1-424b-9868-57a2d4851a1d" relativeResultsDirectory="265b7675-3c97-49d9-9c22-0d8ef8ae87d8" />
    <UnitTestResult executionId="01b063cb-8d1f-49bb-ad6b-6b92b0e1ee63" testId="b3c14b75-f90d-5778-eddf-dc30d0f01a48" testName="CcDirector.Core.Tests.Agents.CopilotAgentTests.BuildLaunchSpec_Resume_EmitsResumeFlag" computerName="SOREN_NORTH" duration="00:00:00.0006918" startTime="2026-06-21T21:55:49.3633857-04:00" endTime="2026-06-21T21:55:49.3633858-04:00" testType="13cdc9d9-ddb5-4fa4-a97d-d965ccfc6d4b" outcome="Passed" testListId="8c84fa94-04c1-424b-9868-57a2d4851a1d" relativeResultsDirectory="01b063cb-8d1f-49bb-ad6b-6b92b0e1ee63" />
    <UnitTestResult executionId="c860755c-632a-4378-abf2-90665fff3855" testId="a644091c-e030-5c1d-3563-5b7bf310a42c" testName="CcDirector.Core.Tests.Configuration.AgentEntryTests.SaveEntries_RoundTrips_AllFields" computerName="SOREN_NORTH" duration="00:00:00.0151306" startTime="2026-06-21T21:55:49.2569625-04:00" endTime="2026-06-21T21:55:49.2569633-04:00" testType="13cdc9d9-ddb5-4fa4-a97d-d965ccfc6d4b" outcome="Passed" testListId="8c84fa94-04c1-424b-9868-57a2d4851a1d" relativeResultsDirectory="c860755c-632a-4378-abf2-90665fff3855" />
    <UnitTestResult executionId="9100e81f-4a8e-46f0-94d5-12d1e1d290c8" testId="cbbc018a-5e26-fd3b-87ad-8bf3b5a04526" testName="CcDirector.Core.Tests.Drivers.CopilotDriverTests.TryCaptureSessionId_FromNestedSessionObject" computerName="SOREN_NORTH" duration="00:00:00.0000881" startTime="2026-06-21T21:55:49.3851968-04:00" endTime="2026-06-21T21:55:49.3851969-04:00" testType="13cdc9d9-ddb5-4fa4-a97d-d965ccfc6d4b" outcome="Passed" testListId="8c84fa94-04c1-424b-9868-57a2d4851a1d" relativeResultsDirectory="9100e81f-4a8e-46f0-94d5-12d1e1d290c8" />
    <UnitTestResult executionId="f442a116-7b91-46d3-8445-ca6b28fca09a" testId="b7542719-8f2f-ec40-ab15-24b168e45d05" testName="CcDirector.Core.Tests.Agents.CopilotAgentTests.SetConfiguredPath_Copilot_UpdatesAgentOptions" computerName="SOREN_NORTH" duration="00:00:00.0035941" startTime="2026-06-21T21:55:49.3634358-04:00" endTime="2026-06-21T21:55:49.3634359-04:00" testType="13cdc9d9-ddb5-4fa4-a97d-d965ccfc6d4b" outcome="Passed" testListId="8c84fa94-04c1-424b-9868-57a2d4851a1d" relativeResultsDirectory="f442a116-7b91-46d3-8445-ca6b28fca09a" />
    <UnitTestResult executionId="81737fda-ad90-4c2e-8d71-c00c34d95d63" testId="fc4e451a-181c-c689-ef00-205167ad04d4" testName="CcDirector.Core.Tests.Agents.CopilotAgentTests.ResolveCopilotToken_FallsBackToGhTokenThenGithubToken" computerName="SOREN_NORTH" duration="00:00:00.0001994" startTime="2026-06-21T21:55:49.3634020-04:00" endTime="2026-06-21T21:55:49.3634020-04:00" testType="13cdc9d9-ddb5-4fa4-a97d-d965ccfc6d4b" outcome="Passed" testListId="8c84fa94-04c1-424b-9868-57a2d4851a1d" relativeResultsDirectory="81737fda-ad90-4c2e-8d71-c00c34d95d63" />
    <UnitTestResult executionId="cf8a77c3-3b21-4eda-9b67-d81a0afecda8" testId="7d6e56c3-cf82-c26b-6edf-0678b2be28c2" testName="CcDirector.Core.Tests.Drivers.CopilotDriverTests.BuildLaunchSpec_NewSession_MintsSessionId" computerName="SOREN_NORTH" duration="00:00:00.0002575" startTime="2026-06-21T21:55:49.3770360-04:00" endTime="2026-06-21T21:55:49.3770361-04:00" testType="13cdc9d9-ddb5-4fa4-a97d-d965ccfc6d4b" outcome="Passed" testListId="8c84fa94-04c1-424b-9868-57a2d4851a1d" relativeResultsDirectory="cf8a77c3-3b21-4eda-9b67-d81a0afecda8" />
    <UnitTestResult executionId="a428d475-754e-443b-aae3-b6257fc0634c" testId="b4011055-ad45-ea8e-f892-919fa1af54e0" testName="CcDirector.Core.Tests.Agents.AgentToolCatalogTests.Entries_ContainsAllKnownTools" computerName="SOREN_NORTH" duration="00:00:00.0025684" startTime="2026-06-21T21:55:49.3615829-04:00" endTime="2026-06-21T21:55:49.3615829-04:00" testType="13cdc9d9-ddb5-4fa4-a97d-d965ccfc6d4b" outcome="Passed" testListId="8c84fa94-04c1-424b-9868-57a2d4851a1d" relativeResultsDirectory="a428d475-754e-443b-aae3-b6257fc0634c" />
    <UnitTestResult executionId="4473c6b5-a9fa-4321-92b9-d003731c5932" testId="8a9d76d4-9017-5971-a76a-60be632f1644" testName="CcDirector.Core.Tests.Agents.CopilotAgentTests.BuildLaunchSpec_NewSession_EmitsMintedSessionId" computerName="SOREN_NORTH" duration="00:00:00.0001387" startTime="2026-06-21T21:55:49.3720952-04:00" endTime="2026-06-21T21:55:49.3720953-04:00" testType="13cdc9d9-ddb5-4fa4-a97d-d965ccfc6d4b" outcome="Passed" testListId="8c84fa94-04c1-424b-9868-57a2d4851a1d" relativeResultsDirectory="4473c6b5-a9fa-4321-92b9-d003731c5932" />
    <UnitTestResult executionId="0963f16a-8636-449f-9385-9288384f43b3" testId="ab6d9805-540d-cef1-ff6f-5288ba2812f9" testName="CcDirector.Core.Tests.Agents.CopilotAgentTests.DetectTool_ConfiguredExistingCopilotPath_ReturnsFound" computerName="SOREN_NORTH" duration="00:00:00.0027751" startTime="2026-06-21T21:55:49.3634767-04:00" endTime="2026-06-21T21:55:49.3634767-04:00" testType="13cdc9d9-ddb5-4fa4-a97d-d965ccfc6d4b" outcome="Passed" testListId="8c84fa94-04c1-424b-9868-57a2d4851a1d" relativeResultsDirectory="0963f16a-8636-449f-9385-9288384f43b3" />
    <UnitTestResult executionId="4c692392-e2ea-47e8-9d6c-dd378573761b" testId="983bb346-7eaf-55ee-ca2f-8434edb7997f" testName="CcDirector.Core.Tests.Agents.CopilotAgentTests.CopilotAgent_Kind_IsCopilot" computerName="SOREN_NORTH" duration="00:00:00.0001209" startTime="2026-06-21T21:55:49.3634187-04:00" endTime="2026-06-21T21:55:49.3634187-04:00" testType="13cdc9d9-ddb5-4fa4-a97d-d965ccfc6d4b" outcome="Passed" testListId="8c84fa94-04c1-424b-9868-57a2d4851a1d" relativeResultsDirectory="4c692392-e2ea-47e8-9d6c-dd378573761b" />
    <UnitTestResult executionId="8a71b0e9-81e0-48d2-880b-a517b78ce4b4" testId="33f10f8f-4221-66d3-be3f-7d8ca7526c0f" testName="CcDirector.Core.Tests.Configuration.AgentEntryTests.LoadEntries_EntryMissingId_GetsGeneratedId" computerName="SOREN_NORTH" duration="00:00:00.0086562" startTime="2026-06-21T21:55:49.2416646-04:00" endTime="2026-06-21T21:55:49.2416652-04:00" testType="13cdc9d9-ddb5-4fa4-a97d-d965ccfc6d4b" outcome="Passed" testListId="8c84fa94-04c1-424b-9868-57a2d4851a1d" relativeResultsDirectory="8a71b0e9-81e0-48d2-880b-a517b78ce4b4" />
    <UnitTestResult executionId="6f201406-5c7f-48f5-95da-79cd751db391" testId="8c71c9e7-b3be-736f-bf88-1b8a3c6cb8d7" testName="CcDirector.Core.Tests.Agents.AgentToolCatalogTests.CursorEntry_DefaultPresetIsStandard_AndOffersYoloWithForce" computerName="SOREN_NORTH" duration="00:00:00.0001477" startTime="2026-06-21T21:55:49.3618740-04:00" endTime="2026-06-21T21:55:49.3618740-04:00" testType="13cdc9d9-ddb5-4fa4-a97d-d965ccfc6d4b" outcome="Passed" testListId="8c84fa94-04c1-424b-9868-57a2d4851a1d" relativeResultsDirectory="6f201406-5c7f-48f5-95da-79cd751db391" />
  </Results>
  <TestDefinitions>
    <UnitTest name="CcDirector.Core.Tests.Drivers.CopilotDriverTests.BuildLaunchSpec_Resume_EmitsResumeAndNoMintedId" storage="d:\reposfred\devthrottle-wt-625\src\ccdirector.core.tests\bin\debug\net10.0\ccdirector.core.tests.dll" id="314dabf8-0583-1c25-7169-50a710938bde">
      <Execution id="ac6c2362-99c5-4cea-bb2e-c42bf80eb789" />
      <TestMethod codeBase="D:\ReposFred\devthrottle-wt-625\src\CcDirector.Core.Tests\bin\Debug\net10.0\CcDirector.Core.Tests.dll" adapterTypeName="executor://xunit/VsTestRunner2/netcoreapp" className="CcDirector.Core.Tests.Drivers.CopilotDriverTests" name="BuildLaunchSpec_Resume_EmitsResumeAndNoMintedId" />
    </UnitTest>
    <UnitTest name="CcDirector.Core.Tests.Agents.AgentToolCatalogTests.NonClaudeEntries_DefaultPresetIsStandard" storage="d:\reposfred\devthrottle-wt-625\src\ccdirector.core.tests\bin\debug\net10.0\ccdirector.core.tests.dll" id="b881970f-f296-fe83-d91f-efe45c7f7f64">
      <Execution id="e639a935-0fd8-4dd1-a584-84bcf1ef3650" />
      <TestMethod codeBase="D:\ReposFred\devthrottle-wt-625\src\CcDirector.Core.Tests\bin\Debug\net10.0\CcDirector.Core.Tests.dll" adapterTypeName="executor://xunit/VsTestRunner2/netcoreapp" className="CcDirector.Core.Tests.Agents.AgentToolCatalogTests" name="NonClaudeEntries_DefaultPresetIsStandard" />
    </UnitTest>
    <UnitTest name="CcDirector.Core.Tests.Agents.CopilotAgentTests.ExecutablePath_DefaultsToNpmGlobalCopilotCmd" storage="d:\reposfred\devthrottle-wt-625\src\ccdirector.core.tests\bin\debug\net10.0\ccdirector.core.tests.dll" id="26b6f8a7-bbb1-8db3-73f3-66d4a1c59971">
      <Execution id="be581637-9d02-40dc-837d-484416eb5c1c" />
      <TestMethod codeBase="D:\ReposFred\devthrottle-wt-625\src\CcDirector.Core.Tests\bin\Debug\net10.0\CcDirector.Core.Tests.dll" adapterTypeName="executor://xunit/VsTestRunner2/netcoreapp" className="CcDirector.Core.Tests.Agents.CopilotAgentTests" name="ExecutablePath_DefaultsToNpmGlobalCopilotCmd" />
    </UnitTest>
    <UnitTest name="CcDirector.Core.Tests.Agents.CopilotAgentTests.GetConfiguredPath_Copilot_ReturnsConfiguredCopilotPath" storage="d:\reposfred\devthrottle-wt-625\src\ccdirector.core.tests\bin\debug\net10.0\ccdirector.core.tests.dll" id="35fd405f-f7b0-7b46-6b69-5fbd7cd5494a">
      <Execution id="9ac45d4c-a673-4b6c-bda3-21b755c7ddaf" />
      <TestMethod codeBase="D:\ReposFred\devthrottle-wt-625\src\CcDirector.Core.Tests\bin\Debug\net10.0\CcDirector.Core.Tests.dll" adapterTypeName="executor://xunit/VsTestRunner2/netcoreapp" className="CcDirector.Core.Tests.Agents.CopilotAgentTests" name="GetConfiguredPath_Copilot_ReturnsConfiguredCopilotPath" />
    </UnitTest>
    <UnitTest name="CcDirector.Core.Tests.Agents.CopilotAgentTests.SupportsStudioMode_IsFalse" storage="d:\reposfred\devthrottle-wt-625\src\ccdirector.core.tests\bin\debug\net10.0\ccdirector.core.tests.dll" id="791dd28c-7749-65da-d427-a8404f559c76">
      <Execution id="212a5bf6-645b-4a72-bdc2-50800d0ebf90" />
      <TestMethod codeBase="D:\ReposFred\devthrottle-wt-625\src\CcDirector.Core.Tests\bin\Debug\net10.0\CcDirector.Core.Tests.dll" adapterTypeName="executor://xunit/VsTestRunner2/netcoreapp" className="CcDirector.Core.Tests.Agents.CopilotAgentTests" name="SupportsStudioMode_IsFalse" />
    </UnitTest>
    <UnitTest name="CcDirector.Core.Tests.Agents.CopilotAgentTests.DetectTool_ConfiguredExistingCopilotPath_ReturnsFound" storage="d:\reposfred\devthrottle-wt-625\src\ccdirector.core.tests\bin\debug\net10.0\ccdirector.core.tests.dll" id="ab6d9805-540d-cef1-ff6f-5288ba2812f9">
      <Execution id="0963f16a-8636-449f-9385-9288384f43b3" />
      <TestMethod codeBase="D:\ReposFred\devthrottle-wt-625\src\CcDirector.Core.Tests\bin\Debug\net10.0\CcDirector.Core.Tests.dll" adapterTypeName="executor://xunit/VsTestRunner2/netcoreapp" className="CcDirector.Core.Tests.Agents.CopilotAgentTests" name="DetectTool_ConfiguredExistingCopilotPath_ReturnsFound" />
    </UnitTest>
    <UnitTest name="CcDirector.Core.Tests.Drivers.CopilotDriverTests.UndeclaredVerbs_ThrowNotSupported" storage="d:\reposfred\devthrottle-wt-625\src\ccdirector.core.tests\bin\debug\net10.0\ccdirector.core.tests.dll" id="1d869b33-7be5-a94a-a0af-8fe47f53e0c7">
      <Execution id="7b81e762-e032-4779-8192-53018948dcf7" />
      <TestMethod codeBase="D:\ReposFred\devthrottle-wt-625\src\CcDirector.Core.Tests\bin\Debug\net10.0\CcDirector.Core.Tests.dll" adapterTypeName="executor://xunit/VsTestRunner2/netcoreapp" className="CcDirector.Core.Tests.Drivers.CopilotDriverTests" name="UndeclaredVerbs_ThrowNotSupported" />
    </UnitTest>
    <UnitTest name="CcDirector.Core.Tests.Agents.CopilotAgentTests.BuildLaunchSpec_YoloPresetArgs_IncludesAllowAll" storage="d:\reposfred\devthrottle-wt-625\src\ccdirector.core.tests\bin\debug\net10.0\ccdirector.core.tests.dll" id="d343673c-c19d-51ed-2a4d-0a7c336d01e1">
      <Execution id="409d4f92-b832-4e47-b64b-ab7c1b90d318" />
      <TestMethod codeBase="D:\ReposFred\devthrottle-wt-625\src\CcDirector.Core.Tests\bin\Debug\net10.0\CcDirector.Core.Tests.dll" adapterTypeName="executor://xunit/VsTestRunner2/netcoreapp" className="CcDirector.Core.Tests.Agents.CopilotAgentTests" name="BuildLaunchSpec_YoloPresetArgs_IncludesAllowAll" />
    </UnitTest>
    <UnitTest name="CcDirector.Core.Tests.Drivers.CopilotDriverTests.ParseStreamLine_ReturnsNull_ForNonWidgetLines(line: &quot;not json&quot;)" storage="d:\reposfred\devthrottle-wt-625\src\ccdirector.core.tests\bin\debug\net10.0\ccdirector.core.tests.dll" id="08cf8aa2-05cf-4b4f-31c2-7b98a5712a2b">
      <Execution id="13af8fe5-551f-477f-b052-164a1ee26832" />
      <TestMethod codeBase="D:\ReposFred\devthrottle-wt-625\src\CcDirector.Core.Tests\bin\Debug\net10.0\CcDirector.Core.Tests.dll" adapterTypeName="executor://xunit/VsTestRunner2/netcoreapp" className="CcDirector.Core.Tests.Drivers.CopilotDriverTests" name="ParseStreamLine_ReturnsNull_ForNonWidgetLines" />
    </UnitTest>
    <UnitTest name="CcDirector.Core.Tests.Configuration.AgentEntryTests.LoadEntries_LegacyNoLaunchMode_InfersCustomFromArgsOverride" storage="d:\reposfred\devthrottle-wt-625\src\ccdirector.core.tests\bin\debug\net10.0\ccdirector.core.tests.dll" id="b6a9f203-a55a-afd7-0290-00edca46ba8d">
      <Execution id="b473ffd0-f0fc-4d1e-be2c-630451eecd24" />
      <TestMethod codeBase="D:\ReposFred\devthrottle-wt-625\src\CcDirector.Core.Tests\bin\Debug\net10.0\CcDirector.Core.Tests.dll" adapterTypeName="executor://xunit/VsTestRunner2/netcoreapp" className="CcDirector.Core.Tests.Configuration.AgentEntryTests" name="LoadEntries_LegacyNoLaunchMode_InfersCustomFromArgsOverride" />
    </UnitTest>
    <UnitTest name="CcDirector.Core.Tests.Configuration.AgentEntryTests.LoadEntries_NoEntries_WritesEntriesArrayAndKeepsLegacyKeys" storage="d:\reposfred\devthrottle-wt-625\src\ccdirector.core.tests\bin\debug\net10.0\ccdirector.core.tests.dll" id="6bd5e59c-3a94-129a-7e67-3ac80a107397">
      <Execution id="c76903cf-51f1-414d-9563-cfd8a6265af4" />
      <TestMethod codeBase="D:\ReposFred\devthrottle-wt-625\src\CcDirector.Core.Tests\bin\Debug\net10.0\CcDirector.Core.Tests.dll" adapterTypeName="executor://xunit/VsTestRunner2/netcoreapp" className="CcDirector.Core.Tests.Configuration.AgentEntryTests" name="LoadEntries_NoEntries_WritesEntriesArrayAndKeepsLegacyKeys" />
    </UnitTest>
    <UnitTest name="CcDirector.Core.Tests.Drivers.CopilotDriverTests.ParseStreamLine_ReturnsNull_ForNonWidgetLines(line: &quot;{\&quot;type\&quot;:\&quot;assistant.turn_start\&quot;}&quot;)" storage="d:\reposfred\devthrottle-wt-625\src\ccdirector.core.tests\bin\debug\net10.0\ccdirector.core.tests.dll" id="8ae20c1a-df9d-149a-9d0c-0873ad750286">
      <Execution id="59a35400-05f6-4169-9058-d474d10e670c" />
      <TestMethod codeBase="D:\ReposFred\devthrottle-wt-625\src\CcDirector.Core.Tests\bin\Debug\net10.0\CcDirector.Core.Tests.dll" adapterTypeName="executor://xunit/VsTestRunner2/netcoreapp" className="CcDirector.Core.Tests.Drivers.CopilotDriverTests" name="ParseStreamLine_ReturnsNull_ForNonWidgetLines" />
    </UnitTest>
    <UnitTest name="CcDirector.Core.Tests.Drivers.CopilotDriverTests.TryCaptureSessionId_FromNestedSessionObject" storage="d:\reposfred\devthrottle-wt-625\src\ccdirector.core.tests\bin\debug\net10.0\ccdirector.core.tests.dll" id="cbbc018a-5e26-fd3b-87ad-8bf3b5a04526">
      <Execution id="9100e81f-4a8e-46f0-94d5-12d1e1d290c8" />
      <TestMethod codeBase="D:\ReposFred\devthrottle-wt-625\src\CcDirector.Core.Tests\bin\Debug\net10.0\CcDirector.Core.Tests.dll" adapterTypeName="executor://xunit/VsTestRunner2/netcoreapp" className="CcDirector.Core.Tests.Drivers.CopilotDriverTests" name="TryCaptureSessionId_FromNestedSessionObject" />
    </UnitTest>
    <UnitTest name="CcDirector.Core.Tests.Drivers.CopilotDriverTests.ParseStreamLine_AssistantMessageDelta_ProducesTextWidget" storage="d:\reposfred\devthrottle-wt-625\src\ccdirector.core.tests\bin\debug\net10.0\ccdirector.core.tests.dll" id="20410da2-92d8-9291-6c30-cb99ad8b89c1">
      <Execution id="4b542fe3-ef30-4e87-bf25-1cabfd178fbf" />
      <TestMethod codeBase="D:\ReposFred\devthrottle-wt-625\src\CcDirector.Core.Tests\bin\Debug\net10.0\CcDirector.Core.Tests.dll" adapterTypeName="executor://xunit/VsTestRunner2/netcoreapp" className="CcDirector.Core.Tests.Drivers.CopilotDriverTests" name="ParseStreamLine_AssistantMessageDelta_ProducesTextWidget" />
    </UnitTest>
    <UnitTest name="CcDirector.Core.Tests.Agents.CopilotAgentTests.SetConfiguredPath_Copilot_UpdatesAgentOptions" storage="d:\reposfred\devthrottle-wt-625\src\ccdirector.core.tests\bin\debug\net10.0\ccdirector.core.tests.dll" id="b7542719-8f2f-ec40-ab15-24b168e45d05">
      <Execution id="f442a116-7b91-46d3-8445-ca6b28fca09a" />
      <TestMethod codeBase="D:\ReposFred\devthrottle-wt-625\src\CcDirector.Core.Tests\bin\Debug\net10.0\CcDirector.Core.Tests.dll" adapterTypeName="executor://xunit/VsTestRunner2/netcoreapp" className="CcDirector.Core.Tests.Agents.CopilotAgentTests" name="SetConfiguredPath_Copilot_UpdatesAgentOptions" />
    </UnitTest>
    <UnitTest name="CcDirector.Core.Tests.Agents.CopilotAgentTests.DisplayName_Copilot_IsGitHubCopilot" storage="d:\reposfred\devthrottle-wt-625\src\ccdirector.core.tests\bin\debug\net10.0\ccdirector.core.tests.dll" id="ac35cee9-8f8e-4c8c-4c08-14bf50bdd2e8">
      <Execution id="70af903c-cc5b-4937-9cd0-2e48f9aed497" />
      <TestMethod codeBase="D:\ReposFred\devthrottle-wt-625\src\CcDirector.Core.Tests\bin\Debug\net10.0\CcDirector.Core.Tests.dll" adapterTypeName="executor://xunit/VsTestRunner2/netcoreapp" className="CcDirector.Core.Tests.Agents.CopilotAgentTests" name="DisplayName_Copilot_IsGitHubCopilot" />
    </UnitTest>
    <UnitTest name="CcDirector.Core.Tests.Agents.AgentToolCatalogTests.ClaudeEntry_DefaultPresetIsAutomatic_WithSkipPermissions" storage="d:\reposfred\devthrottle-wt-625\src\ccdirector.core.tests\bin\debug\net10.0\ccdirector.core.tests.dll" id="9ca24c1b-20f3-f08e-5ab3-faeeb1f2e948">
      <Execution id="2f796978-9c08-4352-834b-f08db72a4870" />
      <TestMethod codeBase="D:\ReposFred\devthrottle-wt-625\src\CcDirector.Core.Tests\bin\Debug\net10.0\CcDirector.Core.Tests.dll" adapterTypeName="executor://xunit/VsTestRunner2/netcoreapp" className="CcDirector.Core.Tests.Agents.AgentToolCatalogTests" name="ClaudeEntry_DefaultPresetIsAutomatic_WithSkipPermissions" />
    </UnitTest>
    <UnitTest name="CcDirector.Core.Tests.Agents.AgentToolCatalogTests.CursorEntry_DefaultPresetIsStandard_AndOffersYoloWithForce" storage="d:\reposfred\devthrottle-wt-625\src\ccdirector.core.tests\bin\debug\net10.0\ccdirector.core.tests.dll" id="8c71c9e7-b3be-736f-bf88-1b8a3c6cb8d7">
      <Execution id="6f201406-5c7f-48f5-95da-79cd751db391" />
      <TestMethod codeBase="D:\ReposFred\devthrottle-wt-625\src\CcDirector.Core.Tests\bin\Debug\net10.0\CcDirector.Core.Tests.dll" adapterTypeName="executor://xunit/VsTestRunner2/netcoreapp" className="CcDirector.Core.Tests.Agents.AgentToolCatalogTests" name="CursorEntry_DefaultPresetIsStandard_AndOffersYoloWithForce" />
    </UnitTest>
    <UnitTest name="CcDirector.Core.Tests.Drivers.CopilotDriverTests.TryCaptureSessionId_FromFlatSessionIdField" storage="d:\reposfred\devthrottle-wt-625\src\ccdirector.core.tests\bin\debug\net10.0\ccdirector.core.tests.dll" id="0b0efe7a-6b86-f20c-711d-655bb60ff0a3">
      <Execution id="3e822b3d-c21c-44c7-a094-fd15d5d0dfec" />
      <TestMethod codeBase="D:\ReposFred\devthrottle-wt-625\src\CcDirector.Core.Tests\bin\Debug\net10.0\CcDirector.Core.Tests.dll" adapterTypeName="executor://xunit/VsTestRunner2/netcoreapp" className="CcDirector.Core.Tests.Drivers.CopilotDriverTests" name="TryCaptureSessionId_FromFlatSessionIdField" />
    </UnitTest>
    <UnitTest name="CcDirector.Core.Tests.Configuration.AgentEntryTests.SaveEntries_RemoveAndReorder_PersistsNewOrder" storage="d:\reposfred\devthrottle-wt-625\src\ccdirector.core.tests\bin\debug\net10.0\ccdirector.core.tests.dll" id="c8464b66-7a0c-8f4e-b01b-8489ccfea04a">
      <Execution id="265b7675-3c97-49d9-9c22-0d8ef8ae87d8" />
      <TestMethod codeBase="D:\ReposFred\devthrottle-wt-625\src\CcDirector.Core.Tests\bin\Debug\net10.0\CcDirector.Core.Tests.dll" adapterTypeName="executor://xunit/VsTestRunner2/netcoreapp" className="CcDirector.Core.Tests.Configuration.AgentEntryTests" name="SaveEntries_RemoveAndReorder_PersistsNewOrder" />
    </UnitTest>
    <UnitTest name="CcDirector.Core.Tests.Agents.CopilotAgentTests.AgentKind_Copilot_RoundTripsThroughJsonSerialization" storage="d:\reposfred\devthrottle-wt-625\src\ccdirector.core.tests\bin\debug\net10.0\ccdirector.core.tests.dll" id="40ec8b9a-655b-3153-1cf5-575384ead9ba">
      <Execution id="660844c7-cb10-4c32-8e96-28d6e23f35b5" />
      <TestMethod codeBase="D:\ReposFred\devthrottle-wt-625\src\CcDirector.Core.Tests\bin\Debug\net10.0\CcDirector.Core.Tests.dll" adapterTypeName="executor://xunit/VsTestRunner2/netcoreapp" className="CcDirector.Core.Tests.Agents.CopilotAgentTests" name="AgentKind_Copilot_RoundTripsThroughJsonSerialization" />
    </UnitTest>
    <UnitTest name="CcDirector.Core.Tests.Agents.CopilotAgentTests.ResolveCopilotToken_FallsBackToGhTokenThenGithubToken" storage="d:\reposfred\devthrottle-wt-625\src\ccdirector.core.tests\bin\debug\net10.0\ccdirector.core.tests.dll" id="fc4e451a-181c-c689-ef00-205167ad04d4">
      <Execution id="81737fda-ad90-4c2e-8d71-c00c34d95d63" />
      <TestMethod codeBase="D:\ReposFred\devthrottle-wt-625\src\CcDirector.Core.Tests\bin\Debug\net10.0\CcDirector.Core.Tests.dll" adapterTypeName="executor://xunit/VsTestRunner2/netcoreapp" className="CcDirector.Core.Tests.Agents.CopilotAgentTests" name="ResolveCopilotToken_FallsBackToGhTokenThenGithubToken" />
    </UnitTest>
    <UnitTest name="CcDirector.Core.Tests.Drivers.CopilotDriverTests.AgentDrivers_For_Copilot_ReturnsCopilotDriver" storage="d:\reposfred\devthrottle-wt-625\src\ccdirector.core.tests\bin\debug\net10.0\ccdirector.core.tests.dll" id="83ce7bcf-175d-8808-a6a9-8451fef79e15">
      <Execution id="cb9d391d-34ce-48b4-aecb-984cffe4ce29" />
      <TestMethod codeBase="D:\ReposFred\devthrottle-wt-625\src\CcDirector.Core.Tests\bin\Debug\net10.0\CcDirector.Core.Tests.dll" adapterTypeName="executor://xunit/VsTestRunner2/netcoreapp" className="CcDirector.Core.Tests.Drivers.CopilotDriverTests" name="AgentDrivers_For_Copilot_ReturnsCopilotDriver" />
    </UnitTest>
    <UnitTest name="CcDirector.Core.Tests.Drivers.CopilotDriverTests.TryCaptureSessionId_ReturnsNull_WhenNoIdPresent(line: &quot;&quot;)" storage="d:\reposfred\devthrottle-wt-625\src\ccdirector.core.tests\bin\debug\net10.0\ccdirector.core.tests.dll" id="59c23514-3d1e-727c-6ea2-2c17b6c1b1bb">
      <Execution id="ea847a2b-ac78-4a1e-82eb-76f487811e41" />
      <TestMethod codeBase="D:\ReposFred\devthrottle-wt-625\src\CcDirector.Core.Tests\bin\Debug\net10.0\CcDirector.Core.Tests.dll" adapterTypeName="executor://xunit/VsTestRunner2/netcoreapp" className="CcDirector.Core.Tests.Drivers.CopilotDriverTests" name="TryCaptureSessionId_ReturnsNull_WhenNoIdPresent" />
    </UnitTest>
    <UnitTest name="CcDirector.Core.Tests.Drivers.CopilotDriverTests.ParseStreamLine_AssistantMessage_ProducesTextWidget" storage="d:\reposfred\devthrottle-wt-625\src\ccdirector.core.tests\bin\debug\net10.0\ccdirector.core.tests.dll" id="c9cd9e15-abdc-397c-a25d-be663cd967bc">
      <Execution id="b32ebf1b-5725-415e-8587-f23d5193cb69" />
      <TestMethod codeBase="D:\ReposFred\devthrottle-wt-625\src\CcDirector.Core.Tests\bin\Debug\net10.0\CcDirector.Core.Tests.dll" adapterTypeName="executor://xunit/VsTestRunner2/netcoreapp" className="CcDirector.Core.Tests.Drivers.CopilotDriverTests" name="ParseStreamLine_AssistantMessage_ProducesTextWidget" />
    </UnitTest>
    <UnitTest name="CcDirector.Core.Tests.Agents.CopilotAgentTests.SupportedTools_IncludesCopilot" storage="d:\reposfred\devthrottle-wt-625\src\ccdirector.core.tests\bin\debug\net10.0\ccdirector.core.tests.dll" id="20a00f80-b345-a4a3-796a-6951bff1948a">
      <Execution id="aa71f65b-67b3-49d3-92dc-93d1a0582089" />
      <TestMethod codeBase="D:\ReposFred\devthrottle-wt-625\src\CcDirector.Core.Tests\bin\Debug\net10.0\CcDirector.Core.Tests.dll" adapterTypeName="executor://xunit/VsTestRunner2/netcoreapp" className="CcDirector.Core.Tests.Agents.CopilotAgentTests" name="SupportedTools_IncludesCopilot" />
    </UnitTest>
    <UnitTest name="CcDirector.Core.Tests.Agents.AgentToolCatalogTests.CodexEntry_DefaultPresetIsStandard_AndOffersFullAccess" storage="d:\reposfred\devthrottle-wt-625\src\ccdirector.core.tests\bin\debug\net10.0\ccdirector.core.tests.dll" id="b7a4301a-d1f6-3316-f5ac-5dc8cb2f05b0">
      <Execution id="48827651-3185-4f72-bda6-b0ff3d88bf0f" />
      <TestMethod codeBase="D:\ReposFred\devthrottle-wt-625\src\CcDirector.Core.Tests\bin\Debug\net10.0\CcDirector.Core.Tests.dll" adapterTypeName="executor://xunit/VsTestRunner2/netcoreapp" className="CcDirector.Core.Tests.Agents.AgentToolCatalogTests" name="CodexEntry_DefaultPresetIsStandard_AndOffersFullAccess" />
    </UnitTest>
    <UnitTest name="CcDirector.Core.Tests.Drivers.CopilotDriverTests.BuildLaunchSpec_NewSession_MintsSessionId" storage="d:\reposfred\devthrottle-wt-625\src\ccdirector.core.tests\bin\debug\net10.0\ccdirector.core.tests.dll" id="7d6e56c3-cf82-c26b-6edf-0678b2be28c2">
      <Execution id="cf8a77c3-3b21-4eda-9b67-d81a0afecda8" />
      <TestMethod codeBase="D:\ReposFred\devthrottle-wt-625\src\CcDirector.Core.Tests\bin\Debug\net10.0\CcDirector.Core.Tests.dll" adapterTypeName="executor://xunit/VsTestRunner2/netcoreapp" className="CcDirector.Core.Tests.Drivers.CopilotDriverTests" name="BuildLaunchSpec_NewSession_MintsSessionId" />
    </UnitTest>
    <UnitTest name="CcDirector.Core.Tests.Agents.CopilotAgentTests.ExecutablePath_UsesConfiguredCopilotPath" storage="d:\reposfred\devthrottle-wt-625\src\ccdirector.core.tests\bin\debug\net10.0\ccdirector.core.tests.dll" id="193442de-9ee3-b7be-d79a-121dae100655">
      <Execution id="7f656dca-c3c7-4303-b6ce-399bc4cb6aa0" />
      <TestMethod codeBase="D:\ReposFred\devthrottle-wt-625\src\CcDirector.Core.Tests\bin\Debug\net10.0\CcDirector.Core.Tests.dll" adapterTypeName="executor://xunit/VsTestRunner2/netcoreapp" className="CcDirector.Core.Tests.Agents.CopilotAgentTests" name="ExecutablePath_UsesConfiguredCopilotPath" />
    </UnitTest>
    <UnitTest name="CcDirector.Core.Tests.Agents.CopilotAgentTests.BuildLaunchSpec_Resume_EmitsResumeFlag" storage="d:\reposfred\devthrottle-wt-625\src\ccdirector.core.tests\bin\debug\net10.0\ccdirector.core.tests.dll" id="b3c14b75-f90d-5778-eddf-dc30d0f01a48">
      <Execution id="01b063cb-8d1f-49bb-ad6b-6b92b0e1ee63" />
      <TestMethod codeBase="D:\ReposFred\devthrottle-wt-625\src\CcDirector.Core.Tests\bin\Debug\net10.0\CcDirector.Core.Tests.dll" adapterTypeName="executor://xunit/VsTestRunner2/netcoreapp" className="CcDirector.Core.Tests.Agents.CopilotAgentTests" name="BuildLaunchSpec_Resume_EmitsResumeFlag" />
    </UnitTest>
    <UnitTest name="CcDirector.Core.Tests.Configuration.AgentEntryTests.LoadEntries_NoEntries_SeedsFromLegacyInFixedOrder" storage="d:\reposfred\devthrottle-wt-625\src\ccdirector.core.tests\bin\debug\net10.0\ccdirector.core.tests.dll" id="f3c08f1a-53fa-6768-f184-2fc422425456">
      <Execution id="0c300838-4ffa-4253-bc4f-eef6b2e6fe61" />
      <TestMethod codeBase="D:\ReposFred\devthrottle-wt-625\src\CcDirector.Core.Tests\bin\Debug\net10.0\CcDirector.Core.Tests.dll" adapterTypeName="executor://xunit/VsTestRunner2/netcoreapp" className="CcDirector.Core.Tests.Configuration.AgentEntryTests" name="LoadEntries_NoEntries_SeedsFromLegacyInFixedOrder" />
    </UnitTest>
    <UnitTest name="CcDirector.Core.Tests.Agents.AgentToolCatalogTests.GetEntry_EveryEntryHasAtLeastOnePreset" storage="d:\reposfred\devthrottle-wt-625\src\ccdirector.core.tests\bin\debug\net10.0\ccdirector.core.tests.dll" id="7c915923-dcaf-2a4a-0bc8-dd13b7767b2c">
      <Execution id="1e22bd49-e444-43fa-8460-3f6b81deec33" />
      <TestMethod codeBase="D:\ReposFred\devthrottle-wt-625\src\CcDirector.Core.Tests\bin\Debug\net10.0\CcDirector.Core.Tests.dll" adapterTypeName="executor://xunit/VsTestRunner2/netcoreapp" className="CcDirector.Core.Tests.Agents.AgentToolCatalogTests" name="GetEntry_EveryEntryHasAtLeastOnePreset" />
    </UnitTest>
    <UnitTest name="CcDirector.Core.Tests.Drivers.CopilotDriverTests.ParseStreamLine_CommittedFixture_ParsesTurnIntoWidgets" storage="d:\reposfred\devthrottle-wt-625\src\ccdirector.core.tests\bin\debug\net10.0\ccdirector.core.tests.dll" id="7c4d2183-33b2-1808-5308-74b80d16e117">
      <Execution id="8311ec95-d3b9-4989-a7a8-ab4e952ec1ad" />
      <TestMethod codeBase="D:\ReposFred\devthrottle-wt-625\src\CcDirector.Core.Tests\bin\Debug\net10.0\CcDirector.Core.Tests.dll" adapterTypeName="executor://xunit/VsTestRunner2/netcoreapp" className="CcDirector.Core.Tests.Drivers.CopilotDriverTests" name="ParseStreamLine_CommittedFixture_ParsesTurnIntoWidgets" />
    </UnitTest>
    <UnitTest name="CcDirector.Core.Tests.Drivers.CopilotDriverTests.ParseStreamLine_ReturnsNull_ForNonWidgetLines(line: &quot;{\&quot;type\&quot;:\&quot;session.tools_updated\&quot;}&quot;)" storage="d:\reposfred\devthrottle-wt-625\src\ccdirector.core.tests\bin\debug\net10.0\ccdirector.core.tests.dll" id="bc7639b8-40f5-2cd0-39b8-8d2a1b4a6b4d">
      <Execution id="a5c6bca3-65eb-4ed8-9ad3-8b7318157c03" />
      <TestMethod codeBase="D:\ReposFred\devthrottle-wt-625\src\CcDirector.Core.Tests\bin\Debug\net10.0\CcDirector.Core.Tests.dll" adapterTypeName="executor://xunit/VsTestRunner2/netcoreapp" className="CcDirector.Core.Tests.Drivers.CopilotDriverTests" name="ParseStreamLine_ReturnsNull_ForNonWidgetLines" />
    </UnitTest>
    <UnitTest name="CcDirector.Core.Tests.Agents.AgentToolCatalogTests.Contains_RawCli_ReturnsFalse" storage="d:\reposfred\devthrottle-wt-625\src\ccdirector.core.tests\bin\debug\net10.0\ccdirector.core.tests.dll" id="4f298bfd-8e67-5a66-566d-8e1a5f581379">
      <Execution id="8faa1c36-7049-4824-b1b5-74057671a750" />
      <TestMethod codeBase="D:\ReposFred\devthrottle-wt-625\src\CcDirector.Core.Tests\bin\Debug\net10.0\CcDirector.Core.Tests.dll" adapterTypeName="executor://xunit/VsTestRunner2/netcoreapp" className="CcDirector.Core.Tests.Agents.AgentToolCatalogTests" name="Contains_RawCli_ReturnsFalse" />
    </UnitTest>
    <UnitTest name="CcDirector.Core.Tests.Drivers.CopilotDriverTests.ParseStreamLine_ReturnsNull_ForNonWidgetLines(line: &quot;{\&quot;type\&quot;:\&quot;result\&quot;,\&quot;status\&quot;:\&quot;success\&quot;}&quot;)" storage="d:\reposfred\devthrottle-wt-625\src\ccdirector.core.tests\bin\debug\net10.0\ccdirector.core.tests.dll" id="eadce5dc-eada-9012-47fb-25eacb3c3adf">
      <Execution id="8363f164-4a1a-44fe-9b34-d2982d6a5b97" />
      <TestMethod codeBase="D:\ReposFred\devthrottle-wt-625\src\CcDirector.Core.Tests\bin\Debug\net10.0\CcDirector.Core.Tests.dll" adapterTypeName="executor://xunit/VsTestRunner2/netcoreapp" className="CcDirector.Core.Tests.Drivers.CopilotDriverTests" name="ParseStreamLine_ReturnsNull_ForNonWidgetLines" />
    </UnitTest>
    <UnitTest name="CcDirector.Core.Tests.Agents.CopilotAgentTests.SupportsPreassignedSessionId_IsTrue" storage="d:\reposfred\devthrottle-wt-625\src\ccdirector.core.tests\bin\debug\net10.0\ccdirector.core.tests.dll" id="55d43452-be8b-cd28-51bb-6add1e445738">
      <Execution id="89500b8f-2ca7-4a2b-ae34-59c6693fb500" />
      <TestMethod codeBase="D:\ReposFred\devthrottle-wt-625\src\CcDirector.Core.Tests\bin\Debug\net10.0\CcDirector.Core.Tests.dll" adapterTypeName="executor://xunit/VsTestRunner2/netcoreapp" className="CcDirector.Core.Tests.Agents.CopilotAgentTests" name="SupportsPreassignedSessionId_IsTrue" />
    </UnitTest>
    <UnitTest name="CcDirector.Core.Tests.Configuration.AgentEntryTests.LoadEntries_EntryMissingId_GetsGeneratedId" storage="d:\reposfred\devthrottle-wt-625\src\ccdirector.core.tests\bin\debug\net10.0\ccdirector.core.tests.dll" id="33f10f8f-4221-66d3-be3f-7d8ca7526c0f">
      <Execution id="8a71b0e9-81e0-48d2-880b-a517b78ce4b4" />
      <TestMethod codeBase="D:\ReposFred\devthrottle-wt-625\src\CcDirector.Core.Tests\bin\Debug\net10.0\CcDirector.Core.Tests.dll" adapterTypeName="executor://xunit/VsTestRunner2/netcoreapp" className="CcDirector.Core.Tests.Configuration.AgentEntryTests" name="LoadEntries_EntryMissingId_GetsGeneratedId" />
    </UnitTest>
    <UnitTest name="CcDirector.Core.Tests.Configuration.AgentEntryTests.SaveEntries_RoundTrips_AllFields" storage="d:\reposfred\devthrottle-wt-625\src\ccdirector.core.tests\bin\debug\net10.0\ccdirector.core.tests.dll" id="a644091c-e030-5c1d-3563-5b7bf310a42c">
      <Execution id="c860755c-632a-4378-abf2-90665fff3855" />
      <TestMethod codeBase="D:\ReposFred\devthrottle-wt-625\src\CcDirector.Core.Tests\bin\Debug\net10.0\CcDirector.Core.Tests.dll" adapterTypeName="executor://xunit/VsTestRunner2/netcoreapp" className="CcDirector.Core.Tests.Configuration.AgentEntryTests" name="SaveEntries_RoundTrips_AllFields" />
    </UnitTest>
    <UnitTest name="CcDirector.Core.Tests.Drivers.CopilotDriverTests.Submit_IsBlind" storage="d:\reposfred\devthrottle-wt-625\src\ccdirector.core.tests\bin\debug\net10.0\ccdirector.core.tests.dll" id="8f1f5180-588d-f175-c77c-5560ba92d2d5">
      <Execution id="755f9708-9028-40f2-9063-e452f4fb1965" />
      <TestMethod codeBase="D:\ReposFred\devthrottle-wt-625\src\CcDirector.Core.Tests\bin\Debug\net10.0\CcDirector.Core.Tests.dll" adapterTypeName="executor://xunit/VsTestRunner2/netcoreapp" className="CcDirector.Core.Tests.Drivers.CopilotDriverTests" name="Submit_IsBlind" />
    </UnitTest>
    <UnitTest name="CcDirector.Core.Tests.Agents.CopilotAgentTests.ResolveCopilotToken_PrefersCopilotEnvVarOverGhToken" storage="d:\reposfred\devthrottle-wt-625\src\ccdirector.core.tests\bin\debug\net10.0\ccdirector.core.tests.dll" id="4bf77371-95ee-568d-35c1-1e7d1384eec8">
      <Execution id="ebcdadd9-a30f-4753-a55a-7b91563eb6c4" />
      <TestMethod codeBase="D:\ReposFred\devthrottle-wt-625\src\CcDirector.Core.Tests\bin\Debug\net10.0\CcDirector.Core.Tests.dll" adapterTypeName="executor://xunit/VsTestRunner2/netcoreapp" className="CcDirector.Core.Tests.Agents.CopilotAgentTests" name="ResolveCopilotToken_PrefersCopilotEnvVarOverGhToken" />
    </UnitTest>
    <UnitTest name="CcDirector.Core.Tests.Drivers.CopilotDriverTests.TryCaptureSessionId_ReturnsNull_WhenNoIdPresent(line: &quot;{\&quot;type\&quot;:\&quot;assistant.message\&quot;,\&quot;text\&quot;:\&quot;hi\&quot;}&quot;)" storage="d:\reposfred\devthrottle-wt-625\src\ccdirector.core.tests\bin\debug\net10.0\ccdirector.core.tests.dll" id="eaee3464-383f-60b0-f3aa-26e4e7509ccb">
      <Execution id="bf997061-e2c6-44c4-9bd4-3b966555d097" />
      <TestMethod codeBase="D:\ReposFred\devthrottle-wt-625\src\CcDirector.Core.Tests\bin\Debug\net10.0\CcDirector.Core.Tests.dll" adapterTypeName="executor://xunit/VsTestRunner2/netcoreapp" className="CcDirector.Core.Tests.Drivers.CopilotDriverTests" name="TryCaptureSessionId_ReturnsNull_WhenNoIdPresent" />
    </UnitTest>
    <UnitTest name="CcDirector.Core.Tests.Agents.CopilotAgentTests.ResolveCopilotToken_PrefersConfiguredValue" storage="d:\reposfred\devthrottle-wt-625\src\ccdirector.core.tests\bin\debug\net10.0\ccdirector.core.tests.dll" id="1feaaf74-da6f-97e9-6392-4acb382c2627">
      <Execution id="ce48f603-684d-4af7-9e1a-bedfdea9835e" />
      <TestMethod codeBase="D:\ReposFred\devthrottle-wt-625\src\CcDirector.Core.Tests\bin\Debug\net10.0\CcDirector.Core.Tests.dll" adapterTypeName="executor://xunit/VsTestRunner2/netcoreapp" className="CcDirector.Core.Tests.Agents.CopilotAgentTests" name="ResolveCopilotToken_PrefersConfiguredValue" />
    </UnitTest>
    <UnitTest name="CcDirector.Core.Tests.Agents.AgentToolCatalogTests.CopilotEntry_DefaultPresetIsStandard_AndOffersYoloWithAllowAll" storage="d:\reposfred\devthrottle-wt-625\src\ccdirector.core.tests\bin\debug\net10.0\ccdirector.core.tests.dll" id="f827ed2c-9e36-a635-f8d7-2e141a8e6835">
      <Execution id="23b60126-b912-4758-a1b3-99c01d6a2424" />
      <TestMethod codeBase="D:\ReposFred\devthrottle-wt-625\src\CcDirector.Core.Tests\bin\Debug\net10.0\CcDirector.Core.Tests.dll" adapterTypeName="executor://xunit/VsTestRunner2/netcoreapp" className="CcDirector.Core.Tests.Agents.AgentToolCatalogTests" name="CopilotEntry_DefaultPresetIsStandard_AndOffersYoloWithAllowAll" />
    </UnitTest>
    <UnitTest name="CcDirector.Core.Tests.Configuration.AgentEntryTests.SaveEntries_RoundTripsLaunchMode" storage="d:\reposfred\devthrottle-wt-625\src\ccdirector.core.tests\bin\debug\net10.0\ccdirector.core.tests.dll" id="4fc07c2f-87f9-8580-4981-783d0bc14eab">
      <Execution id="89e298ff-7937-4568-a336-a72378409879" />
      <TestMethod codeBase="D:\ReposFred\devthrottle-wt-625\src\CcDirector.Core.Tests\bin\Debug\net10.0\CcDirector.Core.Tests.dll" adapterTypeName="executor://xunit/VsTestRunner2/netcoreapp" className="CcDirector.Core.Tests.Configuration.AgentEntryTests" name="SaveEntries_RoundTripsLaunchMode" />
    </UnitTest>
    <UnitTest name="CcDirector.Core.Tests.Agents.CopilotAgentTests.ResolveCopilotToken_NoConfigNoEnv_ReturnsNull" storage="d:\reposfred\devthrottle-wt-625\src\ccdirector.core.tests\bin\debug\net10.0\ccdirector.core.tests.dll" id="a267804e-e050-dad1-2698-9344b97cd604">
      <Execution id="21abc2f3-25e4-4772-85a0-24be00f6de94" />
      <TestMethod codeBase="D:\ReposFred\devthrottle-wt-625\src\CcDirector.Core.Tests\bin\Debug\net10.0\CcDirector.Core.Tests.dll" adapterTypeName="executor://xunit/VsTestRunner2/netcoreapp" className="CcDirector.Core.Tests.Agents.CopilotAgentTests" name="ResolveCopilotToken_NoConfigNoEnv_ReturnsNull" />
    </UnitTest>
    <UnitTest name="CcDirector.Core.Tests.Drivers.CopilotDriverTests.TryCaptureSessionId_ReturnsNull_WhenNoIdPresent(line: &quot;not json&quot;)" storage="d:\reposfred\devthrottle-wt-625\src\ccdirector.core.tests\bin\debug\net10.0\ccdirector.core.tests.dll" id="28a62d0c-b6d0-4ef5-c791-e80898671370">
      <Execution id="1a505025-dcd0-4d3b-8e92-36a2e83a85f7" />
      <TestMethod codeBase="D:\ReposFred\devthrottle-wt-625\src\CcDirector.Core.Tests\bin\Debug\net10.0\CcDirector.Core.Tests.dll" adapterTypeName="executor://xunit/VsTestRunner2/netcoreapp" className="CcDirector.Core.Tests.Drivers.CopilotDriverTests" name="TryCaptureSessionId_ReturnsNull_WhenNoIdPresent" />
    </UnitTest>
    <UnitTest name="CcDirector.Core.Tests.Agents.AgentToolCatalogTests.Entries_ContainsAllKnownTools" storage="d:\reposfred\devthrottle-wt-625\src\ccdirector.core.tests\bin\debug\net10.0\ccdirector.core.tests.dll" id="b4011055-ad45-ea8e-f892-919fa1af54e0">
      <Execution id="a428d475-754e-443b-aae3-b6257fc0634c" />
      <TestMethod codeBase="D:\ReposFred\devthrottle-wt-625\src\CcDirector.Core.Tests\bin\Debug\net10.0\CcDirector.Core.Tests.dll" adapterTypeName="executor://xunit/VsTestRunner2/netcoreapp" className="CcDirector.Core.Tests.Agents.AgentToolCatalogTests" name="Entries_ContainsAllKnownTools" />
    </UnitTest>
    <UnitTest name="CcDirector.Core.Tests.Agents.CopilotAgentTests.BuildLaunchSpec_NewSession_EmitsMintedSessionId" storage="d:\reposfred\devthrottle-wt-625\src\ccdirector.core.tests\bin\debug\net10.0\ccdirector.core.tests.dll" id="8a9d76d4-9017-5971-a76a-60be632f1644">
      <Execution id="4473c6b5-a9fa-4321-92b9-d003731c5932" />
      <TestMethod codeBase="D:\ReposFred\devthrottle-wt-625\src\CcDirector.Core.Tests\bin\Debug\net10.0\CcDirector.Core.Tests.dll" adapterTypeName="executor://xunit/VsTestRunner2/netcoreapp" className="CcDirector.Core.Tests.Agents.CopilotAgentTests" name="BuildLaunchSpec_NewSession_EmitsMintedSessionId" />
    </UnitTest>
    <UnitTest name="CcDirector.Core.Tests.Drivers.CopilotDriverTests.ParseStreamLine_UserMessage_ProducesUserWidget" storage="d:\reposfred\devthrottle-wt-625\src\ccdirector.core.tests\bin\debug\net10.0\ccdirector.core.tests.dll" id="e0d86de8-b121-5b2a-1f92-788406a0cdfa">
      <Execution id="88b75eee-c72c-4a75-84f6-1813cd75618a" />
      <TestMethod codeBase="D:\ReposFred\devthrottle-wt-625\src\CcDirector.Core.Tests\bin\Debug\net10.0\CcDirector.Core.Tests.dll" adapterTypeName="executor://xunit/VsTestRunner2/netcoreapp" className="CcDirector.Core.Tests.Drivers.CopilotDriverTests" name="ParseStreamLine_UserMessage_ProducesUserWidget" />
    </UnitTest>
    <UnitTest name="CcDirector.Core.Tests.Agents.CopilotAgentTests.BuildLaunchSpec_NewSession_PassesUserArgsThrough" storage="d:\reposfred\devthrottle-wt-625\src\ccdirector.core.tests\bin\debug\net10.0\ccdirector.core.tests.dll" id="eeab835a-d916-371e-0007-154fef561324">
      <Execution id="ef0662e3-936f-4a1a-b45c-edd8d0f9aa2c" />
      <TestMethod codeBase="D:\ReposFred\devthrottle-wt-625\src\CcDirector.Core.Tests\bin\Debug\net10.0\CcDirector.Core.Tests.dll" adapterTypeName="executor://xunit/VsTestRunner2/netcoreapp" className="CcDirector.Core.Tests.Agents.CopilotAgentTests" name="BuildLaunchSpec_NewSession_PassesUserArgsThrough" />
    </UnitTest>
    <UnitTest name="CcDirector.Core.Tests.Agents.CopilotAgentTests.CopilotAgent_Kind_IsCopilot" storage="d:\reposfred\devthrottle-wt-625\src\ccdirector.core.tests\bin\debug\net10.0\ccdirector.core.tests.dll" id="983bb346-7eaf-55ee-ca2f-8434edb7997f">
      <Execution id="4c692392-e2ea-47e8-9d6c-dd378573761b" />
      <TestMethod codeBase="D:\ReposFred\devthrottle-wt-625\src\CcDirector.Core.Tests\bin\Debug\net10.0\CcDirector.Core.Tests.dll" adapterTypeName="executor://xunit/VsTestRunner2/netcoreapp" className="CcDirector.Core.Tests.Agents.CopilotAgentTests" name="CopilotAgent_Kind_IsCopilot" />
    </UnitTest>
    <UnitTest name="CcDirector.Core.Tests.Agents.AgentToolCatalogTests.ClaudeEntry_OffersStandardPreset_NotAsDefault" storage="d:\reposfred\devthrottle-wt-625\src\ccdirector.core.tests\bin\debug\net10.0\ccdirector.core.tests.dll" id="1d285f13-a9b1-2485-85b9-c4b585f714aa">
      <Execution id="50a37329-90e1-4db5-ae2b-06b905e97147" />
      <TestMethod codeBase="D:\ReposFred\devthrottle-wt-625\src\CcDirector.Core.Tests\bin\Debug\net10.0\CcDirector.Core.Tests.dll" adapterTypeName="executor://xunit/VsTestRunner2/netcoreapp" className="CcDirector.Core.Tests.Agents.AgentToolCatalogTests" name="ClaudeEntry_OffersStandardPreset_NotAsDefault" />
    </UnitTest>
    <UnitTest name="CcDirector.Core.Tests.Configuration.AgentEntryTests.LoadEntries_ExistingEntries_ReadInArrayOrder" storage="d:\reposfred\devthrottle-wt-625\src\ccdirector.core.tests\bin\debug\net10.0\ccdirector.core.tests.dll" id="d8079798-d9ec-2eae-e512-a63d52c07890">
      <Execution id="443196eb-6faa-4503-b98c-4203425fadb9" />
      <TestMethod codeBase="D:\ReposFred\devthrottle-wt-625\src\CcDirector.Core.Tests\bin\Debug\net10.0\CcDirector.Core.Tests.dll" adapterTypeName="executor://xunit/VsTestRunner2/netcoreapp" className="CcDirector.Core.Tests.Configuration.AgentEntryTests" name="LoadEntries_ExistingEntries_ReadInArrayOrder" />
    </UnitTest>
    <UnitTest name="CcDirector.Core.Tests.Drivers.CopilotDriverTests.Capabilities_DeclareOnlyInterruptAndPreassignedSessionId" storage="d:\reposfred\devthrottle-wt-625\src\ccdirector.core.tests\bin\debug\net10.0\ccdirector.core.tests.dll" id="1a3b8c94-5741-68f4-cabb-e56fc15c67d0">
      <Execution id="ca3a2a1a-1cec-497a-8d2b-615103a5e300" />
      <TestMethod codeBase="D:\ReposFred\devthrottle-wt-625\src\CcDirector.Core.Tests\bin\Debug\net10.0\CcDirector.Core.Tests.dll" adapterTypeName="executor://xunit/VsTestRunner2/netcoreapp" className="CcDirector.Core.Tests.Drivers.CopilotDriverTests" name="Capabilities_DeclareOnlyInterruptAndPreassignedSessionId" />
    </UnitTest>
    <UnitTest name="CcDirector.Core.Tests.Drivers.CopilotDriverTests.Interrupt_IsCtrlC" storage="d:\reposfred\devthrottle-wt-625\src\ccdirector.core.tests\bin\debug\net10.0\ccdirector.core.tests.dll" id="4f8584d2-a188-d076-1236-12e434a7d384">
      <Execution id="60bb4a37-59ce-41da-bbdc-ce7c2589489e" />
      <TestMethod codeBase="D:\ReposFred\devthrottle-wt-625\src\CcDirector.Core.Tests\bin\Debug\net10.0\CcDirector.Core.Tests.dll" adapterTypeName="executor://xunit/VsTestRunner2/netcoreapp" className="CcDirector.Core.Tests.Drivers.CopilotDriverTests" name="Interrupt_IsCtrlC" />
    </UnitTest>
    <UnitTest name="CcDirector.Core.Tests.Drivers.CopilotDriverTests.ParseStreamLine_ReturnsNull_ForNonWidgetLines(line: &quot;&quot;)" storage="d:\reposfred\devthrottle-wt-625\src\ccdirector.core.tests\bin\debug\net10.0\ccdirector.core.tests.dll" id="de449d22-00a0-564d-cd44-01b4915890c2">
      <Execution id="58b5130a-5a85-4ab7-9fe9-9c111447393c" />
      <TestMethod codeBase="D:\ReposFred\devthrottle-wt-625\src\CcDirector.Core.Tests\bin\Debug\net10.0\CcDirector.Core.Tests.dll" adapterTypeName="executor://xunit/VsTestRunner2/netcoreapp" className="CcDirector.Core.Tests.Drivers.CopilotDriverTests" name="ParseStreamLine_ReturnsNull_ForNonWidgetLines" />
    </UnitTest>
    <UnitTest name="CcDirector.Core.Tests.Configuration.AgentEntryTests.SaveEntries_PreservesUnrelatedSections" storage="d:\reposfred\devthrottle-wt-625\src\ccdirector.core.tests\bin\debug\net10.0\ccdirector.core.tests.dll" id="cdc73d61-13ca-7f52-9d97-6e0b84769f32">
      <Execution id="53dda86d-7c79-4a55-b002-f813660d89d0" />
      <TestMethod codeBase="D:\ReposFred\devthrottle-wt-625\src\CcDirector.Core.Tests\bin\Debug\net10.0\CcDirector.Core.Tests.dll" adapterTypeName="executor://xunit/VsTestRunner2/netcoreapp" className="CcDirector.Core.Tests.Configuration.AgentEntryTests" name="SaveEntries_PreservesUnrelatedSections" />
    </UnitTest>
  </TestDefinitions>
  <TestEntries>
    <TestEntry testId="f3c08f1a-53fa-6768-f184-2fc422425456" executionId="0c300838-4ffa-4253-bc4f-eef6b2e6fe61" testListId="8c84fa94-04c1-424b-9868-57a2d4851a1d" />
    <TestEntry testId="1d869b33-7be5-a94a-a0af-8fe47f53e0c7" executionId="7b81e762-e032-4779-8192-53018948dcf7" testListId="8c84fa94-04c1-424b-9868-57a2d4851a1d" />
    <TestEntry testId="bc7639b8-40f5-2cd0-39b8-8d2a1b4a6b4d" executionId="a5c6bca3-65eb-4ed8-9ad3-8b7318157c03" testListId="8c84fa94-04c1-424b-9868-57a2d4851a1d" />
    <TestEntry testId="c9cd9e15-abdc-397c-a25d-be663cd967bc" executionId="b32ebf1b-5725-415e-8587-f23d5193cb69" testListId="8c84fa94-04c1-424b-9868-57a2d4851a1d" />
    <TestEntry testId="0b0efe7a-6b86-f20c-711d-655bb60ff0a3" executionId="3e822b3d-c21c-44c7-a094-fd15d5d0dfec" testListId="8c84fa94-04c1-424b-9868-57a2d4851a1d" />
    <TestEntry testId="59c23514-3d1e-727c-6ea2-2c17b6c1b1bb" executionId="ea847a2b-ac78-4a1e-82eb-76f487811e41" testListId="8c84fa94-04c1-424b-9868-57a2d4851a1d" />
    <TestEntry testId="193442de-9ee3-b7be-d79a-121dae100655" executionId="7f656dca-c3c7-4303-b6ce-399bc4cb6aa0" testListId="8c84fa94-04c1-424b-9868-57a2d4851a1d" />
    <TestEntry testId="791dd28c-7749-65da-d427-a8404f559c76" executionId="212a5bf6-645b-4a72-bdc2-50800d0ebf90" testListId="8c84fa94-04c1-424b-9868-57a2d4851a1d" />
    <TestEntry testId="35fd405f-f7b0-7b46-6b69-5fbd7cd5494a" executionId="9ac45d4c-a673-4b6c-bda3-21b755c7ddaf" testListId="8c84fa94-04c1-424b-9868-57a2d4851a1d" />
    <TestEntry testId="20410da2-92d8-9291-6c30-cb99ad8b89c1" executionId="4b542fe3-ef30-4e87-bf25-1cabfd178fbf" testListId="8c84fa94-04c1-424b-9868-57a2d4851a1d" />
    <TestEntry testId="6bd5e59c-3a94-129a-7e67-3ac80a107397" executionId="c76903cf-51f1-414d-9563-cfd8a6265af4" testListId="8c84fa94-04c1-424b-9868-57a2d4851a1d" />
    <TestEntry testId="4f8584d2-a188-d076-1236-12e434a7d384" executionId="60bb4a37-59ce-41da-bbdc-ce7c2589489e" testListId="8c84fa94-04c1-424b-9868-57a2d4851a1d" />
    <TestEntry testId="08cf8aa2-05cf-4b4f-31c2-7b98a5712a2b" executionId="13af8fe5-551f-477f-b052-164a1ee26832" testListId="8c84fa94-04c1-424b-9868-57a2d4851a1d" />
    <TestEntry testId="55d43452-be8b-cd28-51bb-6add1e445738" executionId="89500b8f-2ca7-4a2b-ae34-59c6693fb500" testListId="8c84fa94-04c1-424b-9868-57a2d4851a1d" />
    <TestEntry testId="7c915923-dcaf-2a4a-0bc8-dd13b7767b2c" executionId="1e22bd49-e444-43fa-8460-3f6b81deec33" testListId="8c84fa94-04c1-424b-9868-57a2d4851a1d" />
    <TestEntry testId="4bf77371-95ee-568d-35c1-1e7d1384eec8" executionId="ebcdadd9-a30f-4753-a55a-7b91563eb6c4" testListId="8c84fa94-04c1-424b-9868-57a2d4851a1d" />
    <TestEntry testId="8ae20c1a-df9d-149a-9d0c-0873ad750286" executionId="59a35400-05f6-4169-9058-d474d10e670c" testListId="8c84fa94-04c1-424b-9868-57a2d4851a1d" />
    <TestEntry testId="d8079798-d9ec-2eae-e512-a63d52c07890" executionId="443196eb-6faa-4503-b98c-4203425fadb9" testListId="8c84fa94-04c1-424b-9868-57a2d4851a1d" />
    <TestEntry testId="d343673c-c19d-51ed-2a4d-0a7c336d01e1" executionId="409d4f92-b832-4e47-b64b-ab7c1b90d318" testListId="8c84fa94-04c1-424b-9868-57a2d4851a1d" />
    <TestEntry testId="e0d86de8-b121-5b2a-1f92-788406a0cdfa" executionId="88b75eee-c72c-4a75-84f6-1813cd75618a" testListId="8c84fa94-04c1-424b-9868-57a2d4851a1d" />
    <TestEntry testId="1feaaf74-da6f-97e9-6392-4acb382c2627" executionId="ce48f603-684d-4af7-9e1a-bedfdea9835e" testListId="8c84fa94-04c1-424b-9868-57a2d4851a1d" />
    <TestEntry testId="28a62d0c-b6d0-4ef5-c791-e80898671370" executionId="1a505025-dcd0-4d3b-8e92-36a2e83a85f7" testListId="8c84fa94-04c1-424b-9868-57a2d4851a1d" />
    <TestEntry testId="eaee3464-383f-60b0-f3aa-26e4e7509ccb" executionId="bf997061-e2c6-44c4-9bd4-3b966555d097" testListId="8c84fa94-04c1-424b-9868-57a2d4851a1d" />
    <TestEntry testId="40ec8b9a-655b-3153-1cf5-575384ead9ba" executionId="660844c7-cb10-4c32-8e96-28d6e23f35b5" testListId="8c84fa94-04c1-424b-9868-57a2d4851a1d" />
    <TestEntry testId="1d285f13-a9b1-2485-85b9-c4b585f714aa" executionId="50a37329-90e1-4db5-ae2b-06b905e97147" testListId="8c84fa94-04c1-424b-9868-57a2d4851a1d" />
    <TestEntry testId="4f298bfd-8e67-5a66-566d-8e1a5f581379" executionId="8faa1c36-7049-4824-b1b5-74057671a750" testListId="8c84fa94-04c1-424b-9868-57a2d4851a1d" />
    <TestEntry testId="b7a4301a-d1f6-3316-f5ac-5dc8cb2f05b0" executionId="48827651-3185-4f72-bda6-b0ff3d88bf0f" testListId="8c84fa94-04c1-424b-9868-57a2d4851a1d" />
    <TestEntry testId="ac35cee9-8f8e-4c8c-4c08-14bf50bdd2e8" executionId="70af903c-cc5b-4937-9cd0-2e48f9aed497" testListId="8c84fa94-04c1-424b-9868-57a2d4851a1d" />
    <TestEntry testId="9ca24c1b-20f3-f08e-5ab3-faeeb1f2e948" executionId="2f796978-9c08-4352-834b-f08db72a4870" testListId="8c84fa94-04c1-424b-9868-57a2d4851a1d" />
    <TestEntry testId="20a00f80-b345-a4a3-796a-6951bff1948a" executionId="aa71f65b-67b3-49d3-92dc-93d1a0582089" testListId="8c84fa94-04c1-424b-9868-57a2d4851a1d" />
    <TestEntry testId="26b6f8a7-bbb1-8db3-73f3-66d4a1c59971" executionId="be581637-9d02-40dc-837d-484416eb5c1c" testListId="8c84fa94-04c1-424b-9868-57a2d4851a1d" />
    <TestEntry testId="eeab835a-d916-371e-0007-154fef561324" executionId="ef0662e3-936f-4a1a-b45c-edd8d0f9aa2c" testListId="8c84fa94-04c1-424b-9868-57a2d4851a1d" />
    <TestEntry testId="b881970f-f296-fe83-d91f-efe45c7f7f64" executionId="e639a935-0fd8-4dd1-a584-84bcf1ef3650" testListId="8c84fa94-04c1-424b-9868-57a2d4851a1d" />
    <TestEntry testId="83ce7bcf-175d-8808-a6a9-8451fef79e15" executionId="cb9d391d-34ce-48b4-aecb-984cffe4ce29" testListId="8c84fa94-04c1-424b-9868-57a2d4851a1d" />
    <TestEntry testId="4fc07c2f-87f9-8580-4981-783d0bc14eab" executionId="89e298ff-7937-4568-a336-a72378409879" testListId="8c84fa94-04c1-424b-9868-57a2d4851a1d" />
    <TestEntry testId="7c4d2183-33b2-1808-5308-74b80d16e117" executionId="8311ec95-d3b9-4989-a7a8-ab4e952ec1ad" testListId="8c84fa94-04c1-424b-9868-57a2d4851a1d" />
    <TestEntry testId="f827ed2c-9e36-a635-f8d7-2e141a8e6835" executionId="23b60126-b912-4758-a1b3-99c01d6a2424" testListId="8c84fa94-04c1-424b-9868-57a2d4851a1d" />
    <TestEntry testId="eadce5dc-eada-9012-47fb-25eacb3c3adf" executionId="8363f164-4a1a-44fe-9b34-d2982d6a5b97" testListId="8c84fa94-04c1-424b-9868-57a2d4851a1d" />
    <TestEntry testId="cdc73d61-13ca-7f52-9d97-6e0b84769f32" executionId="53dda86d-7c79-4a55-b002-f813660d89d0" testListId="8c84fa94-04c1-424b-9868-57a2d4851a1d" />
    <TestEntry testId="314dabf8-0583-1c25-7169-50a710938bde" executionId="ac6c2362-99c5-4cea-bb2e-c42bf80eb789" testListId="8c84fa94-04c1-424b-9868-57a2d4851a1d" />
    <TestEntry testId="1a3b8c94-5741-68f4-cabb-e56fc15c67d0" executionId="ca3a2a1a-1cec-497a-8d2b-615103a5e300" testListId="8c84fa94-04c1-424b-9868-57a2d4851a1d" />
    <TestEntry testId="8f1f5180-588d-f175-c77c-5560ba92d2d5" executionId="755f9708-9028-40f2-9063-e452f4fb1965" testListId="8c84fa94-04c1-424b-9868-57a2d4851a1d" />
    <TestEntry testId="de449d22-00a0-564d-cd44-01b4915890c2" executionId="58b5130a-5a85-4ab7-9fe9-9c111447393c" testListId="8c84fa94-04c1-424b-9868-57a2d4851a1d" />
    <TestEntry testId="b6a9f203-a55a-afd7-0290-00edca46ba8d" executionId="b473ffd0-f0fc-4d1e-be2c-630451eecd24" testListId="8c84fa94-04c1-424b-9868-57a2d4851a1d" />
    <TestEntry testId="a267804e-e050-dad1-2698-9344b97cd604" executionId="21abc2f3-25e4-4772-85a0-24be00f6de94" testListId="8c84fa94-04c1-424b-9868-57a2d4851a1d" />
    <TestEntry testId="c8464b66-7a0c-8f4e-b01b-8489ccfea04a" executionId="265b7675-3c97-49d9-9c22-0d8ef8ae87d8" testListId="8c84fa94-04c1-424b-9868-57a2d4851a1d" />
    <TestEntry testId="b3c14b75-f90d-5778-eddf-dc30d0f01a48" executionId="01b063cb-8d1f-49bb-ad6b-6b92b0e1ee63" testListId="8c84fa94-04c1-424b-9868-57a2d4851a1d" />
    <TestEntry testId="a644091c-e030-5c1d-3563-5b7bf310a42c" executionId="c860755c-632a-4378-abf2-90665fff3855" testListId="8c84fa94-04c1-424b-9868-57a2d4851a1d" />
    <TestEntry testId="cbbc018a-5e26-fd3b-87ad-8bf3b5a04526" executionId="9100e81f-4a8e-46f0-94d5-12d1e1d290c8" testListId="8c84fa94-04c1-424b-9868-57a2d4851a1d" />
    <TestEntry testId="b7542719-8f2f-ec40-ab15-24b168e45d05" executionId="f442a116-7b91-46d3-8445-ca6b28fca09a" testListId="8c84fa94-04c1-424b-9868-57a2d4851a1d" />
    <TestEntry testId="fc4e451a-181c-c689-ef00-205167ad04d4" executionId="81737fda-ad90-4c2e-8d71-c00c34d95d63" testListId="8c84fa94-04c1-424b-9868-57a2d4851a1d" />
    <TestEntry testId="7d6e56c3-cf82-c26b-6edf-0678b2be28c2" executionId="cf8a77c3-3b21-4eda-9b67-d81a0afecda8" testListId="8c84fa94-04c1-424b-9868-57a2d4851a1d" />
    <TestEntry testId="b4011055-ad45-ea8e-f892-919fa1af54e0" executionId="a428d475-754e-443b-aae3-b6257fc0634c" testListId="8c84fa94-04c1-424b-9868-57a2d4851a1d" />
    <TestEntry testId="8a9d76d4-9017-5971-a76a-60be632f1644" executionId="4473c6b5-a9fa-4321-92b9-d003731c5932" testListId="8c84fa94-04c1-424b-9868-57a2d4851a1d" />
    <TestEntry testId="ab6d9805-540d-cef1-ff6f-5288ba2812f9" executionId="0963f16a-8636-449f-9385-9288384f43b3" testListId="8c84fa94-04c1-424b-9868-57a2d4851a1d" />
    <TestEntry testId="983bb346-7eaf-55ee-ca2f-8434edb7997f" executionId="4c692392-e2ea-47e8-9d6c-dd378573761b" testListId="8c84fa94-04c1-424b-9868-57a2d4851a1d" />
    <TestEntry testId="33f10f8f-4221-66d3-be3f-7d8ca7526c0f" executionId="8a71b0e9-81e0-48d2-880b-a517b78ce4b4" testListId="8c84fa94-04c1-424b-9868-57a2d4851a1d" />
    <TestEntry testId="8c71c9e7-b3be-736f-bf88-1b8a3c6cb8d7" executionId="6f201406-5c7f-48f5-95da-79cd751db391" testListId="8c84fa94-04c1-424b-9868-57a2d4851a1d" />
  </TestEntries>
  <TestLists>
    <TestList name="Results Not in a List" id="8c84fa94-04c1-424b-9868-57a2d4851a1d" />
    <TestList name="All Loaded Results" id="19431567-8539-422a-85d7-44ee4e166bda" />
  </TestLists>
  <ResultSummary outcome="Completed">
    <Counters total="58" executed="58" passed="58" failed="0" error="0" timeout="0" aborted="0" inconclusive="0" passedButRunAborted="0" notRunnable="0" notExecuted="0" disconnected="0" warning="0" completed="0" inProgress="0" pending="0" />
    <Output>
      <StdOut>[xUnit.net 00:00:00.00] xUnit.net VSTest Adapter v2.8.2+699d445a1a (64-bit .NET 10.0.9)&#xD;
[xUnit.net 00:00:00.26]   Discovering: CcDirector.Core.Tests&#xD;
[xUnit.net 00:00:00.45]   Discovered:  CcDirector.Core.Tests&#xD;
[xUnit.net 00:00:00.45]   Starting:    CcDirector.Core.Tests&#xD;
[xUnit.net 00:00:00.69]   Finished:    CcDirector.Core.Tests&#xD;
</StdOut>
    </Output>
  </ResultSummary>
</TestRun>